Archive member included to satisfy reference by file (symbol)

/Users/fidelmakatia/.mcuxpressotools/arm-gnu-toolchain-14.2.rel1-darwin-arm64-arm-none-eabi/bin/../lib/gcc/arm-none-eabi/14.2.1/thumb/v8-m.main+fp/hard/libgcc.a(_arm_truncdfsf2.o)
                              CMakeFiles/executorch_runner_cm33.dir/source/arm_executor_runner.cpp.obj (__aeabi_d2f)
/Users/fidelmakatia/.mcuxpressotools/arm-gnu-toolchain-14.2.rel1-darwin-arm64-arm-none-eabi/bin/../lib/gcc/arm-none-eabi/14.2.1/thumb/v8-m.main+fp/hard/libgcc.a(_aeabi_uldivmod.o)
                              CMakeFiles/executorch_runner_cm33.dir/Users/fidelmakatia/MCUXpressoSDK/mcuxsdk/mcuxsdk/drivers/common/fsl_common_arm.c.obj (__aeabi_uldivmod)
/Users/fidelmakatia/.mcuxpressotools/arm-gnu-toolchain-14.2.rel1-darwin-arm64-arm-none-eabi/bin/../lib/gcc/arm-none-eabi/14.2.1/thumb/v8-m.main+fp/hard/libgcc.a(_udivmoddi4.o)
                              /Users/fidelmakatia/.mcuxpressotools/arm-gnu-toolchain-14.2.rel1-darwin-arm64-arm-none-eabi/bin/../lib/gcc/arm-none-eabi/14.2.1/thumb/v8-m.main+fp/hard/libgcc.a(_aeabi_uldivmod.o) (__udivmoddi4)
/Users/fidelmakatia/.mcuxpressotools/arm-gnu-toolchain-14.2.rel1-darwin-arm64-arm-none-eabi/bin/../lib/gcc/arm-none-eabi/14.2.1/thumb/v8-m.main+fp/hard/libgcc.a(_dvmd_tls.o)
                              /Users/fidelmakatia/.mcuxpressotools/arm-gnu-toolchain-14.2.rel1-darwin-arm64-arm-none-eabi/bin/../lib/gcc/arm-none-eabi/14.2.1/thumb/v8-m.main+fp/hard/libgcc.a(_aeabi_uldivmod.o) (__aeabi_ldiv0)
/Users/fidelmakatia/MCUXpressoSDK/mcuxsdk/mcuxsdk/examples/demo_apps/hello_world/executorch/lib/libexecutorch_core.a(evalue.cpp.obj)
                              CMakeFiles/executorch_runner_cm33.dir/source/arm_executor_runner.cpp.obj (executorch::runtime::BoxedEvalueList<std::optional<executorch::runtime::etensor::Tensor> >::get() const)
/Users/fidelmakatia/MCUXpressoSDK/mcuxsdk/mcuxsdk/examples/demo_apps/hello_world/executorch/lib/libexecutorch_core.a(method.cpp.obj)
                              CMakeFiles/executorch_runner_cm33.dir/source/arm_executor_runner.cpp.obj (executorch::runtime::Method::method_meta() const)
/Users/fidelmakatia/MCUXpressoSDK/mcuxsdk/mcuxsdk/examples/demo_apps/hello_world/executorch/lib/libexecutorch_core.a(method_meta.cpp.obj)
                              /Users/fidelmakatia/MCUXpressoSDK/mcuxsdk/mcuxsdk/examples/demo_apps/hello_world/executorch/lib/libexecutorch_core.a(method.cpp.obj) (executorch::runtime::TensorInfo::is_memory_planned() const)
/Users/fidelmakatia/MCUXpressoSDK/mcuxsdk/mcuxsdk/examples/demo_apps/hello_world/executorch/lib/libexecutorch_core.a(program.cpp.obj)
                              CMakeFiles/executorch_runner_cm33.dir/source/arm_executor_runner.cpp.obj (executorch::runtime::Program::num_methods() const)
/Users/fidelmakatia/MCUXpressoSDK/mcuxsdk/mcuxsdk/examples/demo_apps/hello_world/executorch/lib/libexecutorch_core.a(pte_data_map.cpp.obj)
                              /Users/fidelmakatia/MCUXpressoSDK/mcuxsdk/mcuxsdk/examples/demo_apps/hello_world/executorch/lib/libexecutorch_core.a(program.cpp.obj) (executorch::runtime::internal::PteDataMap::create(executorch::runtime::DataLoader*, unsigned int, flatbuffers::Vector<flatbuffers::Offset<executorch_flatbuffer::NamedData>, unsigned long> const*, flatbuffers::Vector<flatbuffers::Offset<executorch_flatbuffer::DataSegment>, unsigned long> const*))
/Users/fidelmakatia/MCUXpressoSDK/mcuxsdk/mcuxsdk/examples/demo_apps/hello_world/executorch/lib/libexecutorch_core.a(tensor_parser_exec_aten.cpp.obj)
                              /Users/fidelmakatia/MCUXpressoSDK/mcuxsdk/mcuxsdk/examples/demo_apps/hello_world/executorch/lib/libexecutorch_core.a(method.cpp.obj) (executorch::runtime::deserialization::parseTensorList(flatbuffers::Vector<long, unsigned long> const*, executorch::runtime::EValue*, unsigned int, executorch::runtime::MemoryManager*))
/Users/fidelmakatia/MCUXpressoSDK/mcuxsdk/mcuxsdk/examples/demo_apps/hello_world/executorch/lib/libexecutorch_core.a(tensor_parser_portable.cpp.obj)
                              /Users/fidelmakatia/MCUXpressoSDK/mcuxsdk/mcuxsdk/examples/demo_apps/hello_world/executorch/lib/libexecutorch_core.a(method.cpp.obj) (executorch::runtime::deserialization::parseTensor(executorch::runtime::Program const*, executorch::runtime::MemoryManager*, executorch_flatbuffer::Tensor const*, executorch::runtime::NamedDataMap const*, executorch::runtime::Span<executorch::runtime::deserialization::NamedData>))
/Users/fidelmakatia/MCUXpressoSDK/mcuxsdk/mcuxsdk/examples/demo_apps/hello_world/executorch/lib/libexecutorch_core.a(operator_registry.cpp.obj)
                              /Users/fidelmakatia/MCUXpressoSDK/mcuxsdk/mcuxsdk/examples/demo_apps/hello_world/executorch/lib/libexecutorch_core.a(method.cpp.obj) (executorch::runtime::get_op_function_from_registry(char const*, executorch::runtime::Span<executorch::runtime::TensorMeta const>))
[...]
Memory Configuration

Name             Origin             Length             Attributes
m_interrupts     0x0ffe0000         0x00000478         xr
m_text           0x0ffe0478         0x0001fb88         xr
m_m33_suspend_ram 0x20000000         0x00002000         rw
m_a55_suspend_ram 0x20002000         0x00001000         rw
m_data           0x20003000         0x0001b000         rw
m_rsc_tbl        0x2001e000         0x00001000         rw
*default*        0x00000000         0xffffffff

Linker script and memory map

LOAD /Users/fidelmakatia/.mcuxpressotools/arm-gnu-toolchain-14.2.rel1-darwin-arm64-arm-none-eabi/bin/../lib/gcc/arm-none-eabi/14.2.1/thumb/v8-m.main+fp/hard/crti.o
LOAD /Users/fidelmakatia/.mcuxpressotools/arm-gnu-toolchain-14.2.rel1-darwin-arm64-arm-none-eabi/bin/../lib/gcc/arm-none-eabi/14.2.1/thumb/v8-m.main+fp/hard/crtbegin.o
LOAD /Users/fidelmakatia/.mcuxpressotools/arm-gnu-toolchain-14.2.rel1-darwin-arm64-arm-none-eabi/bin/../lib/gcc/arm-none-eabi/14.2.1/../../../../arm-none-eabi/lib/thumb/v8-m.main+fp/hard/crt0.o
LOAD CMakeFiles/executorch_runner_cm33.dir/Users/fidelmakatia/MCUXpressoSDK/mcuxsdk/mcuxsdk/devices/i.MX/i.MX93/MIMX9352/system_MIMX9352_cm33.c.obj
LOAD CMakeFiles/executorch_runner_cm33.dir/Users/fidelmakatia/MCUXpressoSDK/mcuxsdk/mcuxsdk/devices/i.MX/i.MX93/MIMX9352/gcc/startup_MIMX9352_cm33.S.obj
LOAD CMakeFiles/executorch_runner_cm33.dir/Users/fidelmakatia/MCUXpressoSDK/mcuxsdk/mcuxsdk/devices/i.MX/i.MX93/MIMX9352/drivers/fsl_clock.c.obj
LOAD CMakeFiles/executorch_runner_cm33.dir/Users/fidelmakatia/MCUXpressoSDK/mcuxsdk/mcuxsdk/examples/_boards/mcimx93evk/board.c.obj
LOAD CMakeFiles/executorch_runner_cm33.dir/Users/fidelmakatia/MCUXpressoSDK/mcuxsdk/mcuxsdk/examples/_boards/mcimx93evk/clock_config.c.obj
LOAD CMakeFiles/executorch_runner_cm33.dir/Users/fidelmakatia/MCUXpressoSDK/mcuxsdk/mcuxsdk/examples/_boards/mcimx93evk/demo_apps/hello_world/pin_mux.c.obj
LOAD CMakeFiles/executorch_runner_cm33.dir/Users/fidelmakatia/MCUXpressoSDK/mcuxsdk/mcuxsdk/examples/_boards/mcimx93evk/demo_apps/hello_world/hardware_init.c.obj
LOAD CMakeFiles/executorch_runner_cm33.dir/Users/fidelmakatia/MCUXpressoSDK/mcuxsdk/mcuxsdk/drivers/common/fsl_common.c.obj
LOAD CMakeFiles/executorch_runner_cm33.dir/Users/fidelmakatia/MCUXpressoSDK/mcuxsdk/mcuxsdk/drivers/common/fsl_common_arm.c.obj
LOAD CMakeFiles/executorch_runner_cm33.dir/Users/fidelmakatia/MCUXpressoSDK/mcuxsdk/mcuxsdk/drivers/lpuart/fsl_lpuart.c.obj
LOAD CMakeFiles/executorch_runner_cm33.dir/Users/fidelmakatia/MCUXpressoSDK/mcuxsdk/mcuxsdk/drivers/rgpio/fsl_rgpio.c.obj
LOAD CMakeFiles/executorch_runner_cm33.dir/Users/fidelmakatia/MCUXpressoSDK/mcuxsdk/mcuxsdk/drivers/cache/xcache/fsl_cache.c.obj
LOAD CMakeFiles/executorch_runner_cm33.dir/Users/fidelmakatia/MCUXpressoSDK/mcuxsdk/mcuxsdk/components/assert/fsl_assert.c.obj
LOAD CMakeFiles/executorch_runner_cm33.dir/Users/fidelmakatia/MCUXpressoSDK/mcuxsdk/mcuxsdk/components/debug_console_lite/fsl_debug_console.c.obj
LOAD CMakeFiles/executorch_runner_cm33.dir/Users/fidelmakatia/MCUXpressoSDK/mcuxsdk/mcuxsdk/components/misc_utilities/fsl_syscall_stub.c.obj
LOAD CMakeFiles/executorch_runner_cm33.dir/Users/fidelmakatia/MCUXpressoSDK/mcuxsdk/mcuxsdk/components/misc_utilities/fsl_sbrk.c.obj
LOAD CMakeFiles/executorch_runner_cm33.dir/Users/fidelmakatia/MCUXpressoSDK/mcuxsdk/mcuxsdk/components/misc_utilities/fsl_memcpy.S.obj
LOAD CMakeFiles/executorch_runner_cm33.dir/Users/fidelmakatia/MCUXpressoSDK/mcuxsdk/mcuxsdk/components/str/fsl_str.c.obj
LOAD CMakeFiles/executorch_runner_cm33.dir/Users/fidelmakatia/MCUXpressoSDK/mcuxsdk/mcuxsdk/components/uart/fsl_adapter_lpuart.c.obj
LOAD CMakeFiles/executorch_runner_cm33.dir/source/arm_executor_runner.cpp.obj
LOAD CMakeFiles/executorch_runner_cm33.dir/source/arm_memory_allocator.cpp.obj
START GROUP
LOAD /Users/fidelmakatia/.mcuxpressotools/arm-gnu-toolchain-14.2.rel1-darwin-arm64-arm-none-eabi/bin/../lib/gcc/arm-none-eabi/14.2.1/thumb/v8-m.main+fp/hard/libgcc.a
LOAD /Users/fidelmakatia/.mcuxpressotools/arm-gnu-toolchain-14.2.rel1-darwin-arm64-arm-none-eabi/bin/../lib/gcc/arm-none-eabi/14.2.1/../../../../arm-none-eabi/lib/thumb/v8-m.main+fp/hard/libnosys.a
END GROUP
LOAD /Users/fidelmakatia/MCUXpressoSDK/mcuxsdk/mcuxsdk/examples/demo_apps/hello_world/executorch/lib/libexecutorch_delegate_ethos_u.a
LOAD /Users/fidelmakatia/MCUXpressoSDK/mcuxsdk/mcuxsdk/examples/demo_apps/hello_world/executorch/lib/libexecutorch.a
LOAD /Users/fidelmakatia/MCUXpressoSDK/mcuxsdk/mcuxsdk/examples/demo_apps/hello_world/executorch/lib/libexecutorch_core.a
LOAD /Users/fidelmakatia/.mcuxpressotools/arm-gnu-toolchain-14.2.rel1-darwin-arm64-arm-none-eabi/bin/../lib/gcc/arm-none-eabi/14.2.1/../../../../arm-none-eabi/lib/thumb/v8-m.main+fp/hard/libm.a
LOAD /Users/fidelmakatia/.mcuxpressotools/arm-gnu-toolchain-14.2.rel1-darwin-arm64-arm-none-eabi/bin/../lib/gcc/arm-none-eabi/14.2.1/../../../../arm-none-eabi/lib/thumb/v8-m.main+fp/hard/libstdc++_nano.a
LOAD /Users/fidelmakatia/.mcuxpressotools/arm-gnu-toolchain-14.2.rel1-darwin-arm64-arm-none-eabi/bin/../lib/gcc/arm-none-eabi/14.2.1/../../../../arm-none-eabi/lib/thumb/v8-m.main+fp/hard/libstdc++_nano.a
LOAD /Users/fidelmakatia/.mcuxpressotools/arm-gnu-toolchain-14.2.rel1-darwin-arm64-arm-none-eabi/bin/../lib/gcc/arm-none-eabi/14.2.1/../../../../arm-none-eabi/lib/thumb/v8-m.main+fp/hard/libm.a
LOAD /Users/fidelmakatia/.mcuxpressotools/arm-gnu-toolchain-14.2.rel1-darwin-arm64-arm-none-eabi/bin/../lib/gcc/arm-none-eabi/14.2.1/../../../../arm-none-eabi/lib/thumb/v8-m.main+fp/hard/libc_nano.a
START GROUP
LOAD /Users/fidelmakatia/.mcuxpressotools/arm-gnu-toolchain-14.2.rel1-darwin-arm64-arm-none-eabi/bin/../lib/gcc/arm-none-eabi/14.2.1/thumb/v8-m.main+fp/hard/libgcc.a
LOAD /Users/fidelmakatia/.mcuxpressotools/arm-gnu-toolchain-14.2.rel1-darwin-arm64-arm-none-eabi/bin/../lib/gcc/arm-none-eabi/14.2.1/../../../../arm-none-eabi/lib/thumb/v8-m.main+fp/hard/libg_nano.a
LOAD /Users/fidelmakatia/.mcuxpressotools/arm-gnu-toolchain-14.2.rel1-darwin-arm64-arm-none-eabi/bin/../lib/gcc/arm-none-eabi/14.2.1/../../../../arm-none-eabi/lib/thumb/v8-m.main+fp/hard/libc_nano.a
END GROUP
START GROUP
LOAD /Users/fidelmakatia/.mcuxpressotools/arm-gnu-toolchain-14.2.rel1-darwin-arm64-arm-none-eabi/bin/../lib/gcc/arm-none-eabi/14.2.1/thumb/v8-m.main+fp/hard/libgcc.a
LOAD /Users/fidelmakatia/.mcuxpressotools/arm-gnu-toolchain-14.2.rel1-darwin-arm64-arm-none-eabi/bin/../lib/gcc/arm-none-eabi/14.2.1/../../../../arm-none-eabi/lib/thumb/v8-m.main+fp/hard/libc_nano.a
LOAD /Users/fidelmakatia/.mcuxpressotools/arm-gnu-toolchain-14.2.rel1-darwin-arm64-arm-none-eabi/bin/../lib/gcc/arm-none-eabi/14.2.1/../../../../arm-none-eabi/lib/thumb/v8-m.main+fp/hard/libnosys.a
END GROUP
START GROUP
LOAD /Users/fidelmakatia/.mcuxpressotools/arm-gnu-toolchain-14.2.rel1-darwin-arm64-arm-none-eabi/bin/../lib/gcc/arm-none-eabi/14.2.1/thumb/v8-m.main+fp/hard/libgcc.a
LOAD /Users/fidelmakatia/.mcuxpressotools/arm-gnu-toolchain-14.2.rel1-darwin-arm64-arm-none-eabi/bin/../lib/gcc/arm-none-eabi/14.2.1/../../../../arm-none-eabi/lib/thumb/v8-m.main+fp/hard/libc_nano.a
LOAD /Users/fidelmakatia/.mcuxpressotools/arm-gnu-toolchain-14.2.rel1-darwin-arm64-arm-none-eabi/bin/../lib/gcc/arm-none-eabi/14.2.1/../../../../arm-none-eabi/lib/thumb/v8-m.main+fp/hard/libnosys.a
END GROUP
LOAD /Users/fidelmakatia/.mcuxpressotools/arm-gnu-toolchain-14.2.rel1-darwin-arm64-arm-none-eabi/bin/../lib/gcc/arm-none-eabi/14.2.1/thumb/v8-m.main+fp/hard/crtend.o
LOAD /Users/fidelmakatia/.mcuxpressotools/arm-gnu-toolchain-14.2.rel1-darwin-arm64-arm-none-eabi/bin/../lib/gcc/arm-none-eabi/14.2.1/thumb/v8-m.main+fp/hard/crtn.o
                0x00000400                        HEAP_SIZE = DEFINED (__heap_size__)?__heap_size__:0x400
                0x00000400                        STACK_SIZE = DEFINED (__stack_size__)?__stack_size__:0x400
                0x00000000                        M_VECTOR_RAM_SIZE = DEFINED (__ram_vector_table__)?0x478:0x0

.interrupts     0x0ffe0000      0x474
                0x0ffe0000                        __VECTOR_TABLE = .
                0x0ffe0000                        __Vectors = .
                0x0ffe0000                        . = ALIGN (0x4)
 *(.isr_vector)
 .isr_vector    0x0ffe0000      0x474 CMakeFiles/executorch_runner_cm33.dir/Users/fidelmakatia/MCUXpressoSDK/mcuxsdk/mcuxsdk/devices/i.MX/i.MX93/MIMX9352/gcc/startup_MIMX9352_cm33.S.obj
                0x0ffe0000                __isr_vector
                0x0ffe0474                        . = ALIGN (0x4)

.resource_table
                0x0ffe0478        0x0
                0x0ffe0478                        . = ALIGN (0x8)
 *(.resource_table)
                0x0ffe0478                        . = ALIGN (0x8)

.text           0x0ffe0478     0xcb44
                0x0ffe0478                        . = ALIGN (0x4)
 *(.text)
 .text          0x0ffe0478       0x7c /Users/fidelmakatia/.mcuxpressotools/arm-gnu-toolchain-14.2.rel1-darwin-arm64-arm-none-eabi/bin/../lib/gcc/arm-none-eabi/14.2.1/../../../../arm-none-eabi/lib/thumb/v8-m.main+fp/hard/crt0.o
                0x0ffe0478                _stack_init
                0x0ffe0480                _mainCRTStartup
                0x0ffe0480                _start
 .text          0x0ffe04f4      0x4ac CMakeFiles/executorch_runner_cm33.dir/Users/fidelmakatia/MCUXpressoSDK/mcuxsdk/mcuxsdk/devices/i.MX/i.MX93/MIMX9352/gcc/startup_MIMX9352_cm33.S.obj
                0x0ffe04f4                Reset_Handler
                0x0ffe056c                Reserved26_IRQHandler
                0x0ffe056c                LPSPI8_DriverIRQHandler
                0x0ffe056c                Reserved98_IRQHandler
                0x0ffe056c                Reserved17_IRQHandler
                0x0ffe056c                Reserved189_IRQHandler
                0x0ffe056c                Reserved47_IRQHandler
                0x0ffe056c                Reserved271_IRQHandler
                0x0ffe056c                Reserved258_IRQHandler
                0x0ffe056c                CAN2_DriverIRQHandler
                0x0ffe056c                DMA4_62_63_DriverIRQHandler
                0x0ffe056c                CAN2_ERROR_DriverIRQHandler
                0x0ffe056c                DMA4_44_45_DriverIRQHandler
                0x0ffe056c                ENET_MAC0_Rx_Tx_Done1_DriverIRQHandler
                0x0ffe056c                Reserved190_IRQHandler
                0x0ffe056c                Reserved231_IRQHandler
                0x0ffe056c                Reserved276_IRQHandler
                0x0ffe056c                Reserved282_IRQHandler
                0x0ffe056c                Reserved260_IRQHandler
                0x0ffe056c                Reserved105_IRQHandler
                0x0ffe056c                Reserved269_IRQHandler
                0x0ffe056c                Reserved104_IRQHandler
                0x0ffe056c                Reserved203_IRQHandler
                0x0ffe056c                Reserved101_IRQHandler
                0x0ffe056c                Reserved223_IRQHandler
                0x0ffe056c                Reserved204_IRQHandler
                0x0ffe056c                uSDHC3_DriverIRQHandler
                0x0ffe056c                Reserved41_IRQHandler
                0x0ffe056c                DMA4_60_61_DriverIRQHandler
                0x0ffe056c                MemManage_Handler
                0x0ffe056c                Reserved90_IRQHandler
                0x0ffe056c                SAI2_DriverIRQHandler
                0x0ffe056c                LPSPI6_DriverIRQHandler
                0x0ffe056c                Reserved242_IRQHandler
                0x0ffe056c                Reserved205_IRQHandler
                0x0ffe056c                TPM6_IRQHandler
                0x0ffe056c                Reserved48_IRQHandler
                0x0ffe056c                PDM_EVENT_DriverIRQHandler
                0x0ffe056c                ENET_QOS_PMT_IRQHandler
                0x0ffe056c                Reserved185_IRQHandler
                0x0ffe056c                DMA4_54_55_DriverIRQHandler
                0x0ffe056c                Reserved222_IRQHandler
                0x0ffe056c                MU2_B_IRQHandler
                0x0ffe056c                SAI3_DriverIRQHandler
                0x0ffe056c                Reserved254_IRQHandler
                0x0ffe056c                Reserved109_IRQHandler
                0x0ffe056c                Reserved244_IRQHandler
                0x0ffe056c                DMA4_32_33_DriverIRQHandler
                0x0ffe056c                ISI_IRQHandler
                0x0ffe056c                DMA4_24_25_DriverIRQHandler
                0x0ffe056c                Reserved255_IRQHandler
                0x0ffe056c                DMA4_2_3_DriverIRQHandler
                0x0ffe056c                LPI2C1_DriverIRQHandler
                0x0ffe056c                Reserved262_IRQHandler
                0x0ffe056c                DMA4_48_49_DriverIRQHandler
                0x0ffe056c                Reserved142_IRQHandler
                0x0ffe056c                Reserved184_IRQHandler
                0x0ffe056c                Reserved100_IRQHandler
                0x0ffe056c                LPSPI7_DriverIRQHandler
                0x0ffe056c                LPSPI1_DriverIRQHandler
                0x0ffe056c                Reserved18_IRQHandler
                0x0ffe056c                Reserved245_IRQHandler
                0x0ffe056c                DSI_IRQHandler
                0x0ffe056c                Reserved251_IRQHandler
                0x0ffe056c                Reserved46_IRQHandler
                0x0ffe056c                Reserved202_IRQHandler
                0x0ffe056c                Reserved273_IRQHandler
                0x0ffe056c                Reserved246_IRQHandler
                0x0ffe056c                ENET_QOS_DriverIRQHandler
                0x0ffe056c                TPM4_IRQHandler
                0x0ffe056c                LPSPI5_DriverIRQHandler
                0x0ffe056c                Reserved270_IRQHandler
                0x0ffe056c                Reserved23_IRQHandler
                0x0ffe056c                Reserved266_IRQHandler
                0x0ffe056c                Reserved240_IRQHandler
                0x0ffe056c                ADC_EOC_IRQHandler
                0x0ffe056c                Reserved45_IRQHandler
                0x0ffe056c                DMA4_4_5_DriverIRQHandler
                0x0ffe056c                LPI2C4_DriverIRQHandler
                0x0ffe056c                DMA4_38_39_DriverIRQHandler
                0x0ffe056c                Reserved73_IRQHandler
                0x0ffe056c                DMA4_30_31_DriverIRQHandler
                0x0ffe056c                TEMPMON_IRQHandler
                0x0ffe056c                TPM1_IRQHandler
                0x0ffe056c                Reserved106_IRQHandler
                0x0ffe056c                uSDHC1_DriverIRQHandler
                0x0ffe056c                DMA4_22_23_DriverIRQHandler
                0x0ffe056c                uSDHC2_DriverIRQHandler
                0x0ffe056c                Reserved51_IRQHandler
                0x0ffe056c                Reserved192_IRQHandler
                0x0ffe056c                LPIT1_IRQHandler
                0x0ffe056c                CAN1_ERROR_DriverIRQHandler
                0x0ffe056c                ADC_ER_IRQHandler
                0x0ffe056c                Reserved44_IRQHandler
                0x0ffe056c                DMA4_42_43_DriverIRQHandler
                0x0ffe056c                WDOG5_IRQHandler
                0x0ffe056c                Reserved63_IRQHandler
                0x0ffe056c                I3C1_DriverIRQHandler
                0x0ffe056c                Reserved247_IRQHandler
                0x0ffe056c                MU1_A_IRQHandler
                0x0ffe056c                TPM5_IRQHandler
                0x0ffe056c                DMA4_16_17_DriverIRQHandler
                0x0ffe056c                BusFault_Handler
                0x0ffe056c                DMA4_46_47_DriverIRQHandler
                0x0ffe056c                PDM_HWVAD_ERROR_DriverIRQHandler
                0x0ffe056c                LPSPI3_DriverIRQHandler
                0x0ffe056c                Reserved201_IRQHandler
                0x0ffe056c                PDM_HWVAD_EVENT_DriverIRQHandler
                0x0ffe056c                LPI2C2_DriverIRQHandler
                0x0ffe056c                DMA4_40_41_DriverIRQHandler
                0x0ffe056c                WDOG3_IRQHandler
                0x0ffe056c                LPTMR1_IRQHandler
                0x0ffe056c                CAN1_DriverIRQHandler
                0x0ffe056c                Reserved49_IRQHandler
                0x0ffe056c                FlexSPI1_DriverIRQHandler
                0x0ffe056c                Reserved281_IRQHandler
                0x0ffe056c                LPI2C7_DriverIRQHandler
                0x0ffe056c                Reserved219_IRQHandler
                0x0ffe056c                Reserved237_IRQHandler
                0x0ffe056c                LPI2C8_DriverIRQHandler
                0x0ffe056c                DMA4_14_15_DriverIRQHandler
                0x0ffe056c                Reserved16_IRQHandler
                0x0ffe056c                MU2_A_IRQHandler
                0x0ffe056c                Reserved179_IRQHandler
                0x0ffe056c                LPSPI2_DriverIRQHandler
                0x0ffe056c                DMA4_20_21_DriverIRQHandler
                0x0ffe056c                DebugMon_Handler
                0x0ffe056c                Reserved178_IRQHandler
                0x0ffe056c                Reserved220_IRQHandler
                0x0ffe056c                Reserved88_IRQHandler
                0x0ffe056c                Reserved243_IRQHandler
                0x0ffe056c                Reserved65_IRQHandler
                0x0ffe056c                Reserved229_IRQHandler
                0x0ffe056c                Reserved76_IRQHandler
                0x0ffe056c                Reserved248_IRQHandler
                0x0ffe056c                Reserved64_IRQHandler
                0x0ffe056c                LPSPI4_DriverIRQHandler
                0x0ffe056c                Reserved60_IRQHandler
                0x0ffe056c                Reserved236_IRQHandler
                0x0ffe056c                Reserved225_IRQHandler
                0x0ffe056c                CSI_IRQHandler
                0x0ffe056c                LPI2C5_DriverIRQHandler
                0x0ffe056c                Reserved50_IRQHandler
                0x0ffe056c                TRDC_IRQHandler
                0x0ffe056c                Reserved183_IRQHandler
                0x0ffe056c                LPIT2_IRQHandler
                0x0ffe056c                Reserved19_IRQHandler
                0x0ffe056c                DMA4_0_1_DriverIRQHandler
                0x0ffe056c                Reserved74_IRQHandler
                0x0ffe056c                Reserved89_IRQHandler
                0x0ffe056c                Reserved59_IRQHandler
                0x0ffe056c                LPTMR2_IRQHandler
                0x0ffe056c                Reserved272_IRQHandler
                0x0ffe056c                Reserved263_IRQHandler
                0x0ffe056c                DMA4_58_59_DriverIRQHandler
                0x0ffe056c                ENET_1588_DriverIRQHandler
                0x0ffe056c                LPI2C3_DriverIRQHandler
                0x0ffe056c                DMA4_52_53_DriverIRQHandler
                0x0ffe056c                Reserved42_IRQHandler
                0x0ffe056c                Reserved22_IRQHandler
                0x0ffe056c                Reserved75_IRQHandler
                0x0ffe056c                Reserved238_IRQHandler
                0x0ffe056c                Reserved280_IRQHandler
                0x0ffe056c                Reserved268_IRQHandler
                0x0ffe056c                DMA4_10_11_DriverIRQHandler
                0x0ffe056c                DMA4_34_35_DriverIRQHandler
                0x0ffe056c                Reserved176_IRQHandler
                0x0ffe056c                Reserved224_IRQHandler
                0x0ffe056c                FLEXIO2_DriverIRQHandler
                0x0ffe056c                UsageFault_Handler
                0x0ffe056c                WDOG1_IRQHandler
                0x0ffe056c                Reserved265_IRQHandler
                0x0ffe056c                Reserved57_IRQHandler
                0x0ffe056c                Reserved257_IRQHandler
                0x0ffe056c                DefaultISR
                0x0ffe056c                Reserved250_IRQHandler
                0x0ffe056c                Reserved58_IRQHandler
                0x0ffe056c                Reserved264_IRQHandler
                0x0ffe056c                Reserved261_IRQHandler
                0x0ffe056c                Reserved284_IRQHandler
                0x0ffe056c                I3C2_DriverIRQHandler
                0x0ffe056c                Reserved230_IRQHandler
                0x0ffe056c                Reserved279_IRQHandler
                0x0ffe056c                Reserved182_IRQHandler
                0x0ffe056c                DMA4_50_51_DriverIRQHandler
                0x0ffe056c                Reserved180_IRQHandler
                0x0ffe056c                Reserved267_IRQHandler
                0x0ffe056c                Reserved239_IRQHandler
                0x0ffe056c                MU1_B_IRQHandler
                0x0ffe056c                Reserved177_IRQHandler
                0x0ffe056c                WDOG4_IRQHandler
                0x0ffe056c                Reserved283_IRQHandler
                0x0ffe056c                DMA4_28_29_DriverIRQHandler
                0x0ffe056c                Reserved228_IRQHandler
                0x0ffe056c                DMA4_ERROR_DriverIRQHandler
                0x0ffe056c                Reserved253_IRQHandler
                0x0ffe056c                DMA4_6_7_DriverIRQHandler
                0x0ffe056c                ENET_MAC0_Rx_Tx_Done2_DriverIRQHandler
                0x0ffe056c                Reserved274_IRQHandler
                0x0ffe056c                LPI2C6_DriverIRQHandler
                0x0ffe056c                DMA4_56_57_DriverIRQHandler
                0x0ffe056c                TPM2_IRQHandler
                0x0ffe056c                FLEXIO1_DriverIRQHandler
                0x0ffe056c                Reserved232_IRQHandler
                0x0ffe056c                ENET_DriverIRQHandler
                0x0ffe056c                Reserved43_IRQHandler
                0x0ffe056c                DMA4_36_37_DriverIRQHandler
                0x0ffe056c                Reserved21_IRQHandler
                0x0ffe056c                DMA4_26_27_DriverIRQHandler
                0x0ffe056c                SAI1_DriverIRQHandler
                0x0ffe056c                Reserved278_IRQHandler
                0x0ffe056c                Reserved277_IRQHandler
                0x0ffe056c                ADC_WD_IRQHandler
                0x0ffe056c                DMA3_DriverIRQHandler
                0x0ffe056c                TPM3_IRQHandler
                0x0ffe056c                Reserved241_IRQHandler
                0x0ffe056c                Reserved27_IRQHandler
                0x0ffe056c                WDOG2_IRQHandler
                0x0ffe056c                Reserved62_IRQHandler
                0x0ffe056c                Reserved275_IRQHandler
                0x0ffe056c                Reserved256_IRQHandler
                0x0ffe056c                Reserved252_IRQHandler
                0x0ffe056c                Reserved206_IRQHandler
                0x0ffe056c                DMA4_18_19_DriverIRQHandler
                0x0ffe056c                Reserved181_IRQHandler
                0x0ffe056c                Reserved108_IRQHandler
                0x0ffe056c                Reserved72_IRQHandler
                0x0ffe056c                DMA4_12_13_DriverIRQHandler
                0x0ffe056c                Reserved259_IRQHandler
                0x0ffe056c                Reserved194_IRQHandler
                0x0ffe056c                SecureFault_Handler
                0x0ffe056c                DMA4_8_9_DriverIRQHandler
                0x0ffe056c                PDM_ERROR_DriverIRQHandler
                0x0ffe056c                Reserved66_IRQHandler
                0x0ffe056c                Reserved20_IRQHandler
                0x0ffe056c                Reserved249_IRQHandler
                0x0ffe056c                Reserved107_IRQHandler
                0x0ffe0570                NMI_Handler
                0x0ffe0574                HardFault_Handler
                0x0ffe0578                SVC_Handler
                0x0ffe057c                PendSV_Handler
                0x0ffe0580                SysTick_Handler
                0x0ffe0584                CAN1_IRQHandler
                0x0ffe0588                CAN1_ERROR_IRQHandler
                0x0ffe058c                I3C1_IRQHandler
                0x0ffe0590                LPI2C1_IRQHandler
                0x0ffe0594                LPI2C2_IRQHandler
                0x0ffe0598                LPSPI1_IRQHandler
                0x0ffe059c                LPSPI2_IRQHandler
                0x0ffe05a0                LPUART1_IRQHandler
                0x0ffe05a4                LPUART2_IRQHandler
                0x0ffe05a8                SAI1_IRQHandler
                0x0ffe05ac                CAN2_IRQHandler
                0x0ffe05b0                CAN2_ERROR_IRQHandler
                0x0ffe05b4                FLEXIO1_IRQHandler
                0x0ffe05b8                FLEXIO2_IRQHandler
                0x0ffe05bc                FlexSPI1_IRQHandler
                0x0ffe05c0                I3C2_IRQHandler
                0x0ffe05c4                LPI2C3_IRQHandler
                0x0ffe05c8                LPI2C4_IRQHandler
                0x0ffe05cc                LPSPI3_IRQHandler
                0x0ffe05d0                LPSPI4_IRQHandler
                0x0ffe05d4                LPUART3_IRQHandler
                0x0ffe05d8                LPUART4_IRQHandler
                0x0ffe05dc                LPUART5_IRQHandler
                0x0ffe05e0                LPUART6_IRQHandler
                0x0ffe05e4                uSDHC1_IRQHandler
                0x0ffe05e8                uSDHC2_IRQHandler
                0x0ffe05ec                DMA3_ERROR_IRQHandler
                0x0ffe05f4                DMA3_0_IRQHandler
                0x0ffe0600                DMA3_1_IRQHandler
                0x0ffe060c                DMA3_2_IRQHandler
                0x0ffe0618                DMA3_3_IRQHandler
                0x0ffe0624                DMA3_4_IRQHandler
                0x0ffe0630                DMA3_5_IRQHandler
                0x0ffe063c                DMA3_6_IRQHandler
                0x0ffe0648                DMA3_7_IRQHandler
                0x0ffe0654                DMA3_8_IRQHandler
                0x0ffe0660                DMA3_9_IRQHandler
                0x0ffe066c                DMA3_10_IRQHandler
                0x0ffe0678                DMA3_11_IRQHandler
                0x0ffe0684                DMA3_12_IRQHandler
                0x0ffe0690                DMA3_13_IRQHandler
                0x0ffe069c                DMA3_14_IRQHandler
                0x0ffe06a8                DMA3_15_IRQHandler
                0x0ffe06b4                DMA3_16_IRQHandler
                0x0ffe06c0                DMA3_17_IRQHandler
                0x0ffe06cc                DMA3_18_IRQHandler
                0x0ffe06d8                DMA3_19_IRQHandler
                0x0ffe06e4                DMA3_20_IRQHandler
                0x0ffe06f0                DMA3_21_IRQHandler
                0x0ffe06fc                DMA3_22_IRQHandler
                0x0ffe0708                DMA3_23_IRQHandler
                0x0ffe0714                DMA3_24_IRQHandler
                0x0ffe0720                DMA3_25_IRQHandler
                0x0ffe072c                DMA3_26_IRQHandler
                0x0ffe0738                DMA3_27_IRQHandler
                0x0ffe0744                DMA3_28_IRQHandler
                0x0ffe0750                DMA3_29_IRQHandler
                0x0ffe075c                DMA3_30_IRQHandler
                0x0ffe0768                DMA4_ERROR_IRQHandler
                0x0ffe076c                DMA4_0_1_IRQHandler
                0x0ffe0770                DMA4_2_3_IRQHandler
                0x0ffe0774                DMA4_4_5_IRQHandler
                0x0ffe0778                DMA4_6_7_IRQHandler
                0x0ffe077c                DMA4_8_9_IRQHandler
                0x0ffe0780                DMA4_10_11_IRQHandler
                0x0ffe0784                DMA4_12_13_IRQHandler
                0x0ffe0788                DMA4_14_15_IRQHandler
                0x0ffe078c                DMA4_16_17_IRQHandler
                0x0ffe0790                DMA4_18_19_IRQHandler
                0x0ffe0794                DMA4_20_21_IRQHandler
                0x0ffe0798                DMA4_22_23_IRQHandler
                0x0ffe079c                DMA4_24_25_IRQHandler
                0x0ffe07a0                DMA4_26_27_IRQHandler
                0x0ffe07a4                DMA4_28_29_IRQHandler
                0x0ffe07a8                DMA4_30_31_IRQHandler
                0x0ffe07ac                DMA4_32_33_IRQHandler
                0x0ffe07b0                DMA4_34_35_IRQHandler
                0x0ffe07b4                DMA4_36_37_IRQHandler
                0x0ffe07b8                DMA4_38_39_IRQHandler
                0x0ffe07bc                DMA4_40_41_IRQHandler
                0x0ffe07c0                DMA4_42_43_IRQHandler
                0x0ffe07c4                DMA4_44_45_IRQHandler
                0x0ffe07c8                DMA4_46_47_IRQHandler
                0x0ffe07cc                DMA4_48_49_IRQHandler
                0x0ffe07d0                DMA4_50_51_IRQHandler
                0x0ffe07d4                DMA4_52_53_IRQHandler
                0x0ffe07d8                DMA4_54_55_IRQHandler
                0x0ffe07dc                DMA4_56_57_IRQHandler
                0x0ffe07e0                DMA4_58_59_IRQHandler
                0x0ffe07e4                DMA4_60_61_IRQHandler
                0x0ffe07e8                DMA4_62_63_IRQHandler
                0x0ffe07ec                SAI2_IRQHandler
                0x0ffe07f0                SAI3_IRQHandler
                0x0ffe07f4                ENET_MAC0_Rx_Tx_Done1_IRQHandler
                0x0ffe07f8                ENET_MAC0_Rx_Tx_Done2_IRQHandler
                0x0ffe07fc                ENET_IRQHandler
                0x0ffe0800                ENET_1588_IRQHandler
                0x0ffe0804                ENET_QOS_IRQHandler
                0x0ffe0808                LPSPI5_IRQHandler
                0x0ffe080c                LPSPI6_IRQHandler
                0x0ffe0810                LPSPI7_IRQHandler
                0x0ffe0814                LPSPI8_IRQHandler
                0x0ffe0818                LPI2C5_IRQHandler
                0x0ffe081c                LPI2C6_IRQHandler
                0x0ffe0820                LPI2C7_IRQHandler
                0x0ffe0824                LPI2C8_IRQHandler
                0x0ffe0828                PDM_HWVAD_ERROR_IRQHandler
                0x0ffe082c                PDM_HWVAD_EVENT_IRQHandler
                0x0ffe0830                PDM_ERROR_IRQHandler
                0x0ffe0834                PDM_EVENT_IRQHandler
                0x0ffe0838                uSDHC3_IRQHandler
                0x0ffe083c                LPUART7_IRQHandler
                0x0ffe0840                LPUART8_IRQHandler
 .text          0x0ffe09a0       0xa0 CMakeFiles/executorch_runner_cm33.dir/Users/fidelmakatia/MCUXpressoSDK/mcuxsdk/mcuxsdk/components/misc_utilities/fsl_memcpy.S.obj
                0x0ffe09a0                memcpy
 .text          0x0ffe0a40       0xa0 /Users/fidelmakatia/.mcuxpressotools/arm-gnu-toolchain-14.2.rel1-darwin-arm64-arm-none-eabi/bin/../lib/gcc/arm-none-eabi/14.2.1/thumb/v8-m.main+fp/hard/libgcc.a(_arm_truncdfsf2.o)
                0x0ffe0a40                __aeabi_d2f
                0x0ffe0a40                __truncdfsf2
 .text          0x0ffe0ae0       0x14 /Users/fidelmakatia/.mcuxpressotools/arm-gnu-toolchain-14.2.rel1-darwin-arm64-arm-none-eabi/bin/../lib/gcc/arm-none-eabi/14.2.1/../../../../arm-none-eabi/lib/thumb/v8-m.main+fp/hard/libc_nano.a(libc_a-strcmp.o)
                0x0ffe0ae0                strcmp
 .text          0x0ffe0af4       0x10 /Users/fidelmakatia/.mcuxpressotools/arm-gnu-toolchain-14.2.rel1-darwin-arm64-arm-none-eabi/bin/../lib/gcc/arm-none-eabi/14.2.1/../../../../arm-none-eabi/lib/thumb/v8-m.main+fp/hard/libc_nano.a(libc_a-strlen.o)
                0x0ffe0af4                strlen
 *(.text*)
 .text.deregister_tm_clones
                0x0ffe0b04       0x1c /Users/fidelmakatia/.mcuxpressotools/arm-gnu-toolchain-14.2.rel1-darwin-arm64-arm-none-eabi/bin/../lib/gcc/arm-none-eabi/14.2.1/thumb/v8-m.main+fp/hard/crtbegin.o
 .text.register_tm_clones
                0x0ffe0b20       0x28 /Users/fidelmakatia/.mcuxpressotools/arm-gnu-toolchain-14.2.rel1-darwin-arm64-arm-none-eabi/bin/../lib/gcc/arm-none-eabi/14.2.1/thumb/v8-m.main+fp/hard/crtbegin.o
 .text.__do_global_dtors_aux
                0x0ffe0b48       0x28 /Users/fidelmakatia/.mcuxpressotools/arm-gnu-toolchain-14.2.rel1-darwin-arm64-arm-none-eabi/bin/../lib/gcc/arm-none-eabi/14.2.1/thumb/v8-m.main+fp/hard/crtbegin.o
 .text.frame_dummy
                0x0ffe0b70       0x24 /Users/fidelmakatia/.mcuxpressotools/arm-gnu-toolchain-14.2.rel1-darwin-arm64-arm-none-eabi/bin/../lib/gcc/arm-none-eabi/14.2.1/thumb/v8-m.main+fp/hard/crtbegin.o
 .text.SystemInit
                0x0ffe0b94       0x20 CMakeFiles/executorch_runner_cm33.dir/Users/fidelmakatia/MCUXpressoSDK/mcuxsdk/mcuxsdk/devices/i.MX/i.MX93/MIMX9352/system_MIMX9352_cm33.c.obj
                0x0ffe0b94                SystemInit
 .text.SystemInitHook
                0x0ffe0bb4        0xe CMakeFiles/executorch_runner_cm33.dir/Users/fidelmakatia/MCUXpressoSDK/mcuxsdk/mcuxsdk/devices/i.MX/i.MX93/MIMX9352/system_MIMX9352_cm33.c.obj
                0x0ffe0bb4                SystemInitHook
 *fill*         0x0ffe0bc2        0x2 
 .text.LPUART1_DriverIRQHandler
                0x0ffe0bc4       0x24 CMakeFiles/executorch_runner_cm33.dir/Users/fidelmakatia/MCUXpressoSDK/mcuxsdk/mcuxsdk/drivers/lpuart/fsl_lpuart.c.obj
                0x0ffe0bc4                LPUART1_DriverIRQHandler
 .text.LPUART2_DriverIRQHandler
                0x0ffe0be8       0x24 CMakeFiles/executorch_runner_cm33.dir/Users/fidelmakatia/MCUXpressoSDK/mcuxsdk/mcuxsdk/drivers/lpuart/fsl_lpuart.c.obj
                0x0ffe0be8                LPUART2_DriverIRQHandler
 .text.LPUART3_DriverIRQHandler
                0x0ffe0c0c       0x24 CMakeFiles/executorch_runner_cm33.dir/Users/fidelmakatia/MCUXpressoSDK/mcuxsdk/mcuxsdk/drivers/lpuart/fsl_lpuart.c.obj
                0x0ffe0c0c                LPUART3_DriverIRQHandler
 .text.LPUART4_DriverIRQHandler
                0x0ffe0c30       0x24 CMakeFiles/executorch_runner_cm33.dir/Users/fidelmakatia/MCUXpressoSDK/mcuxsdk/mcuxsdk/drivers/lpuart/fsl_lpuart.c.obj
                0x0ffe0c30                LPUART4_DriverIRQHandler
 .text.LPUART5_DriverIRQHandler
                0x0ffe0c54       0x24 CMakeFiles/executorch_runner_cm33.dir/Users/fidelmakatia/MCUXpressoSDK/mcuxsdk/mcuxsdk/drivers/lpuart/fsl_lpuart.c.obj
                0x0ffe0c54                LPUART5_DriverIRQHandler
 .text.LPUART6_DriverIRQHandler
                0x0ffe0c78       0x24 CMakeFiles/executorch_runner_cm33.dir/Users/fidelmakatia/MCUXpressoSDK/mcuxsdk/mcuxsdk/drivers/lpuart/fsl_lpuart.c.obj
                0x0ffe0c78                LPUART6_DriverIRQHandler
 .text.LPUART7_DriverIRQHandler
                0x0ffe0c9c       0x24 CMakeFiles/executorch_runner_cm33.dir/Users/fidelmakatia/MCUXpressoSDK/mcuxsdk/mcuxsdk/drivers/lpuart/fsl_lpuart.c.obj
                0x0ffe0c9c                LPUART7_DriverIRQHandler
 .text.LPUART8_DriverIRQHandler
                0x0ffe0cc0       0x24 CMakeFiles/executorch_runner_cm33.dir/Users/fidelmakatia/MCUXpressoSDK/mcuxsdk/mcuxsdk/drivers/lpuart/fsl_lpuart.c.obj
                0x0ffe0cc0                LPUART8_DriverIRQHandler
 .text._write   0x0ffe0ce4       0x22 CMakeFiles/executorch_runner_cm33.dir/Users/fidelmakatia/MCUXpressoSDK/mcuxsdk/mcuxsdk/components/misc_utilities/fsl_syscall_stub.c.obj
                0x0ffe0ce4                _write
 .text._read    0x0ffe0d06       0x22 CMakeFiles/executorch_runner_cm33.dir/Users/fidelmakatia/MCUXpressoSDK/mcuxsdk/mcuxsdk/components/misc_utilities/fsl_syscall_stub.c.obj
                0x0ffe0d06                _read
 .text._close   0x0ffe0d28       0x1e CMakeFiles/executorch_runner_cm33.dir/Users/fidelmakatia/MCUXpressoSDK/mcuxsdk/mcuxsdk/components/misc_utilities/fsl_syscall_stub.c.obj
                0x0ffe0d28                _close
 .text._lseek   0x0ffe0d46       0x22 CMakeFiles/executorch_runner_cm33.dir/Users/fidelmakatia/MCUXpressoSDK/mcuxsdk/mcuxsdk/components/misc_utilities/fsl_syscall_stub.c.obj
                0x0ffe0d46                _lseek
 .text._fstat   0x0ffe0d68       0x20 CMakeFiles/executorch_runner_cm33.dir/Users/fidelmakatia/MCUXpressoSDK/mcuxsdk/mcuxsdk/components/misc_utilities/fsl_syscall_stub.c.obj
                0x0ffe0d68                _fstat
 .text._getpid  0x0ffe0d88       0x16 CMakeFiles/executorch_runner_cm33.dir/Users/fidelmakatia/MCUXpressoSDK/mcuxsdk/mcuxsdk/components/misc_utilities/fsl_syscall_stub.c.obj
                0x0ffe0d88                _getpid
 .text._isatty  0x0ffe0d9e       0x1c CMakeFiles/executorch_runner_cm33.dir/Users/fidelmakatia/MCUXpressoSDK/mcuxsdk/mcuxsdk/components/misc_utilities/fsl_syscall_stub.c.obj
                0x0ffe0d9e                _isatty
 .text._kill    0x0ffe0dba       0x20 CMakeFiles/executorch_runner_cm33.dir/Users/fidelmakatia/MCUXpressoSDK/mcuxsdk/mcuxsdk/components/misc_utilities/fsl_syscall_stub.c.obj
                0x0ffe0dba                _kill
 *fill*         0x0ffe0dda        0x2 
 .text._sbrk    0x0ffe0ddc       0x68 CMakeFiles/executorch_runner_cm33.dir/Users/fidelmakatia/MCUXpressoSDK/mcuxsdk/mcuxsdk/components/misc_utilities/fsl_sbrk.c.obj
                0x0ffe0ddc                _sbrk
 .text._ZnwjPv  0x0ffe0e44       0x18 CMakeFiles/executorch_runner_cm33.dir/source/arm_executor_runner.cpp.obj
                0x0ffe0e44                operator new(unsigned int, void*)
 .text._ZSt26__throw_bad_variant_accessPKc
                0x0ffe0e5c        0xc CMakeFiles/executorch_runner_cm33.dir/source/arm_executor_runner.cpp.obj
                0x0ffe0e5c                std::__throw_bad_variant_access(char const*)
 .text._ZSt26__throw_bad_variant_accessb
                0x0ffe0e68       0x30 CMakeFiles/executorch_runner_cm33.dir/source/arm_executor_runner.cpp.obj
                0x0ffe0e68                std::__throw_bad_variant_access(bool)
 .text._ZN10executorch7runtime8internal4logfENS0_8LogLevelEyPKcS4_jS4_z
                0x0ffe0e98       0x3e CMakeFiles/executorch_runner_cm33.dir/source/arm_executor_runner.cpp.obj
                0x0ffe0e98                executorch::runtime::internal::logf(executorch::runtime::LogLevel, unsigned long long, char const*, char const*, unsigned int, char const*, ...)
 .text._ZSt24__find_uniq_type_in_packIN10executorch7runtime14FreeableBuffer11PointerDataEJS3_NS2_10UInt64DataEEEjv
                0x0ffe0ed6       0x50 CMakeFiles/executorch_runner_cm33.dir/source/arm_executor_runner.cpp.obj
                0x0ffe0ed6                unsigned int std::__find_uniq_type_in_pack<executorch::runtime::FreeableBuffer::PointerData, executorch::runtime::FreeableBuffer::PointerData, executorch::runtime::FreeableBuffer::UInt64Data>()
 .text._ZN10executorch7runtime14FreeableBufferC2EPKvjPFvPvS4_jES4_
                0x0ffe0f26       0x3a CMakeFiles/executorch_runner_cm33.dir/source/arm_executor_runner.cpp.obj
                0x0ffe0f26                executorch::runtime::FreeableBuffer::FreeableBuffer(void const*, unsigned int, void (*)(void*, void*, unsigned int), void*)
                0x0ffe0f26                executorch::runtime::FreeableBuffer::FreeableBuffer(void const*, unsigned int, void (*)(void*, void*, unsigned int), void*)
 .text._ZN10executorch7runtime14FreeableBufferC2EOS1_
                0x0ffe0f60       0x88 CMakeFiles/executorch_runner_cm33.dir/source/arm_executor_runner.cpp.obj
                0x0ffe0f60                executorch::runtime::FreeableBuffer::FreeableBuffer(executorch::runtime::FreeableBuffer&&)
                0x0ffe0f60                executorch::runtime::FreeableBuffer::FreeableBuffer(executorch::runtime::FreeableBuffer&&)
 .text._ZN10executorch7runtime14FreeableBufferD2Ev
                0x0ffe0fe8       0x18 CMakeFiles/executorch_runner_cm33.dir/source/arm_executor_runner.cpp.obj
                0x0ffe0fe8                executorch::runtime::FreeableBuffer::~FreeableBuffer()
                0x0ffe0fe8                executorch::runtime::FreeableBuffer::~FreeableBuffer()
 .text._ZN10executorch7runtime14FreeableBuffer4FreeEv
                0x0ffe1000       0xa0 CMakeFiles/executorch_runner_cm33.dir/source/arm_executor_runner.cpp.obj
                0x0ffe1000                executorch::runtime::FreeableBuffer::Free()
 .text._ZNK10executorch7runtime14FreeableBuffer4dataEv
                0x0ffe10a0       0x74 CMakeFiles/executorch_runner_cm33.dir/source/arm_executor_runner.cpp.obj
                0x0ffe10a0                executorch::runtime::FreeableBuffer::data() const
 .text._ZNK10executorch7runtime10DataLoader9load_intoEjjRKNS1_11SegmentInfoEPv
                0x0ffe1114       0x4c CMakeFiles/executorch_runner_cm33.dir/source/arm_executor_runner.cpp.obj
                0x0ffe1114                executorch::runtime::DataLoader::load_into(unsigned int, unsigned int, executorch::runtime::DataLoader::SegmentInfo const&, void*) const
 .text._ZN10executorch7runtime10DataLoaderC2Ev
                0x0ffe1160       0x20 CMakeFiles/executorch_runner_cm33.dir/source/arm_executor_runner.cpp.obj
                0x0ffe1160                executorch::runtime::DataLoader::DataLoader()
                0x0ffe1160                executorch::runtime::DataLoader::DataLoader()
 .text._ZN10executorch7runtime10DataLoaderD2Ev
                0x0ffe1180       0x20 CMakeFiles/executorch_runner_cm33.dir/source/arm_executor_runner.cpp.obj
                0x0ffe1180                executorch::runtime::DataLoader::~DataLoader()
                0x0ffe1180                executorch::runtime::DataLoader::~DataLoader()
 .text._ZN10executorch7runtime10DataLoaderD0Ev
                0x0ffe11a0       0x20 CMakeFiles/executorch_runner_cm33.dir/source/arm_executor_runner.cpp.obj
                0x0ffe11a0                executorch::runtime::DataLoader::~DataLoader()
 .text._ZN10executorch9extension16BufferDataLoaderC2EPKvj
                0x0ffe11c0       0x34 CMakeFiles/executorch_runner_cm33.dir/source/arm_executor_runner.cpp.obj
                0x0ffe11c0                executorch::extension::BufferDataLoader::BufferDataLoader(void const*, unsigned int)
                0x0ffe11c0                executorch::extension::BufferDataLoader::BufferDataLoader(void const*, unsigned int)
 .text._ZNK10executorch9extension16BufferDataLoader4loadEjjRKNS_7runtime10DataLoader11SegmentInfoE
                0x0ffe11f4       0xa0 CMakeFiles/executorch_runner_cm33.dir/source/arm_executor_runner.cpp.obj
                0x0ffe11f4                executorch::extension::BufferDataLoader::load(unsigned int, unsigned int, executorch::runtime::DataLoader::SegmentInfo const&) const
 .text._ZNK10executorch9extension16BufferDataLoader4sizeEv
                0x0ffe1294       0x1e CMakeFiles/executorch_runner_cm33.dir/source/arm_executor_runner.cpp.obj
                0x0ffe1294                executorch::extension::BufferDataLoader::size() const
 *fill*         0x0ffe12b2        0x2 
 .text._ZNK10executorch9extension16BufferDataLoader9load_intoEjjRKNS_7runtime10DataLoader11SegmentInfoEPv
                0x0ffe12b4       0xb8 CMakeFiles/executorch_runner_cm33.dir/source/arm_executor_runner.cpp.obj
                0x0ffe12b4                executorch::extension::BufferDataLoader::load_into(unsigned int, unsigned int, executorch::runtime::DataLoader::SegmentInfo const&, void*) const
 .text._ZNK10executorch7runtime7etensor10TensorImpl5numelEv
                0x0ffe136c       0x18 CMakeFiles/executorch_runner_cm33.dir/source/arm_executor_runner.cpp.obj
                0x0ffe136c                executorch::runtime::etensor::TensorImpl::numel() const
 .text._ZNK10executorch7runtime7etensor10TensorImpl11scalar_typeEv
                0x0ffe1384       0x1a CMakeFiles/executorch_runner_cm33.dir/source/arm_executor_runner.cpp.obj
                0x0ffe1384                executorch::runtime::etensor::TensorImpl::scalar_type() const
 .text._ZNK10executorch7runtime7etensor10TensorImpl12mutable_dataEv
                0x0ffe139e       0x18 CMakeFiles/executorch_runner_cm33.dir/source/arm_executor_runner.cpp.obj
                0x0ffe139e                executorch::runtime::etensor::TensorImpl::mutable_data() const
 .text._ZNK10executorch7runtime7etensor6Tensor5numelEv
                0x0ffe13b6       0x1c CMakeFiles/executorch_runner_cm33.dir/source/arm_executor_runner.cpp.obj
                0x0ffe13b6                executorch::runtime::etensor::Tensor::numel() const
 .text._ZNK10executorch7runtime7etensor6Tensor11scalar_typeEv
                0x0ffe13d2       0x1c CMakeFiles/executorch_runner_cm33.dir/source/arm_executor_runner.cpp.obj
                0x0ffe13d2                executorch::runtime::etensor::Tensor::scalar_type() const
 .text._ZN10executorch7runtime6EValue7PayloadC2Ev
                0x0ffe13ee       0x16 CMakeFiles/executorch_runner_cm33.dir/source/arm_executor_runner.cpp.obj
                0x0ffe13ee                executorch::runtime::EValue::Payload::Payload()
                0x0ffe13ee                executorch::runtime::EValue::Payload::Payload()
 .text._ZN10executorch7runtime6EValue7PayloadD2Ev
                0x0ffe1404       0x16 CMakeFiles/executorch_runner_cm33.dir/source/arm_executor_runner.cpp.obj
                0x0ffe1404                executorch::runtime::EValue::Payload::~Payload()
                0x0ffe1404                executorch::runtime::EValue::Payload::~Payload()
 .text._ZN10executorch7runtime6EValueD2Ev
                0x0ffe141a       0x20 CMakeFiles/executorch_runner_cm33.dir/source/arm_executor_runner.cpp.obj
                0x0ffe141a                executorch::runtime::EValue::~EValue()
                0x0ffe141a                executorch::runtime::EValue::~EValue()
 .text._ZN10executorch7runtime6EValueC2Ev
                0x0ffe143a       0x2e CMakeFiles/executorch_runner_cm33.dir/source/arm_executor_runner.cpp.obj
                0x0ffe143a                executorch::runtime::EValue::EValue()
                0x0ffe143a                executorch::runtime::EValue::EValue()
 .text._ZNK10executorch7runtime6EValue8isTensorEv
                0x0ffe1468       0x22 CMakeFiles/executorch_runner_cm33.dir/source/arm_executor_runner.cpp.obj
                0x0ffe1468                executorch::runtime::EValue::isTensor() const
 *fill*         0x0ffe148a        0x2 
 .text._ZNR10executorch7runtime6EValue8toTensorEv
                0x0ffe148c       0x68 CMakeFiles/executorch_runner_cm33.dir/source/arm_executor_runner.cpp.obj
                0x0ffe148c                executorch::runtime::EValue::toTensor() &
 .text._ZNK10executorch7runtime6EValue12isTensorListEv
                0x0ffe14f4       0x22 CMakeFiles/executorch_runner_cm33.dir/source/arm_executor_runner.cpp.obj
                0x0ffe14f4                executorch::runtime::EValue::isTensorList() const
 *fill*         0x0ffe1516        0x2 
 .text._ZNK10executorch7runtime6EValue12toTensorListEv
                0x0ffe1518       0x78 CMakeFiles/executorch_runner_cm33.dir/source/arm_executor_runner.cpp.obj
                0x0ffe1518                executorch::runtime::EValue::toTensorList() const
 .text._ZNK10executorch7runtime6EValue20isListOptionalTensorEv
                0x0ffe1590       0x22 CMakeFiles/executorch_runner_cm33.dir/source/arm_executor_runner.cpp.obj
                0x0ffe1590                executorch::runtime::EValue::isListOptionalTensor() const
 .text._ZNK10executorch7runtime6EValue20toListOptionalTensorEv
                0x0ffe15b2       0x22 CMakeFiles/executorch_runner_cm33.dir/source/arm_executor_runner.cpp.obj
                0x0ffe15b2                executorch::runtime::EValue::toListOptionalTensor() const
 .text._ZNK10executorch7runtime8ArrayRefINS0_7etensor6TensorEE5beginEv
                0x0ffe15d4       0x18 CMakeFiles/executorch_runner_cm33.dir/source/arm_executor_runner.cpp.obj
                0x0ffe15d4                executorch::runtime::ArrayRef<executorch::runtime::etensor::Tensor>::begin() const
 .text._ZNK10executorch7runtime8ArrayRefINS0_7etensor6TensorEE3endEv
                0x0ffe15ec       0x20 CMakeFiles/executorch_runner_cm33.dir/source/arm_executor_runner.cpp.obj
                0x0ffe15ec                executorch::runtime::ArrayRef<executorch::runtime::etensor::Tensor>::end() const
 .text._ZNK10executorch7runtime8ArrayRefISt8optionalINS0_7etensor6TensorEEE5beginEv
                0x0ffe160c       0x18 CMakeFiles/executorch_runner_cm33.dir/source/arm_executor_runner.cpp.obj
                0x0ffe160c                executorch::runtime::ArrayRef<std::optional<executorch::runtime::etensor::Tensor> >::begin() const
 .text._ZNK10executorch7runtime8ArrayRefISt8optionalINS0_7etensor6TensorEEE3endEv
                0x0ffe1624       0x20 CMakeFiles/executorch_runner_cm33.dir/source/arm_executor_runner.cpp.obj
                0x0ffe1624                executorch::runtime::ArrayRef<std::optional<executorch::runtime::etensor::Tensor> >::end() const
 .text._ZN10executorch7runtime6EValue7destroyEv
                0x0ffe1644       0xa2 CMakeFiles/executorch_runner_cm33.dir/source/arm_executor_runner.cpp.obj
                0x0ffe1644                executorch::runtime::EValue::destroy()
 .text._ZNR10executorch7runtime6EValue2toINS0_7etensor6TensorEEENS0_8internal29evalue_to_ref_overload_returnIT_E4typeEv
                0x0ffe16e6       0x18 CMakeFiles/executorch_runner_cm33.dir/source/arm_executor_runner.cpp.obj
                0x0ffe16e6                executorch::runtime::internal::evalue_to_ref_overload_return<executorch::runtime::etensor::Tensor>::type executorch::runtime::EValue::to<executorch::runtime::etensor::Tensor>() &
 .text._ZN10executorch7runtime21HierarchicalAllocatorC2ENS0_4SpanINS2_IhEEEE
                0x0ffe16fe       0x34 CMakeFiles/executorch_runner_cm33.dir/source/arm_executor_runner.cpp.obj
                0x0ffe16fe                executorch::runtime::HierarchicalAllocator::HierarchicalAllocator(executorch::runtime::Span<executorch::runtime::Span<unsigned char> >)
                0x0ffe16fe                executorch::runtime::HierarchicalAllocator::HierarchicalAllocator(executorch::runtime::Span<executorch::runtime::Span<unsigned char> >)
 *fill*         0x0ffe1732        0x2 
 .text._ZN10executorch7runtime13MemoryManagerC2EPNS0_15MemoryAllocatorEPNS0_21HierarchicalAllocatorES3_
                0x0ffe1734       0x74 CMakeFiles/executorch_runner_cm33.dir/source/arm_executor_runner.cpp.obj
                0x0ffe1734                executorch::runtime::MemoryManager::MemoryManager(executorch::runtime::MemoryAllocator*, executorch::runtime::HierarchicalAllocator*, executorch::runtime::MemoryAllocator*)
                0x0ffe1734                executorch::runtime::MemoryManager::MemoryManager(executorch::runtime::MemoryAllocator*, executorch::runtime::HierarchicalAllocator*, executorch::runtime::MemoryAllocator*)
 .text._ZN10executorch7runtime12NamedDataMapD2Ev
                0x0ffe17a8       0x20 CMakeFiles/executorch_runner_cm33.dir/source/arm_executor_runner.cpp.obj
                0x0ffe17a8                executorch::runtime::NamedDataMap::~NamedDataMap()
                0x0ffe17a8                executorch::runtime::NamedDataMap::~NamedDataMap()
 .text._ZN10executorch7runtime12NamedDataMapD0Ev
                0x0ffe17c8       0x20 CMakeFiles/executorch_runner_cm33.dir/source/arm_executor_runner.cpp.obj
                0x0ffe17c8                executorch::runtime::NamedDataMap::~NamedDataMap()
 .text._ZN10executorch7runtime6MethodC2EOS1_
                0x0ffe17e8      0x114 CMakeFiles/executorch_runner_cm33.dir/source/arm_executor_runner.cpp.obj
                0x0ffe17e8                executorch::runtime::Method::Method(executorch::runtime::Method&&)
                0x0ffe17e8                executorch::runtime::Method::Method(executorch::runtime::Method&&)
 .text._ZNSt14_Optional_baseIN10executorch7runtime8internal10PteDataMapELb0ELb0EED2Ev
                0x0ffe18fc       0x1a CMakeFiles/executorch_runner_cm33.dir/source/arm_executor_runner.cpp.obj
                0x0ffe18fc                std::_Optional_base<executorch::runtime::internal::PteDataMap, false, false>::~_Optional_base()
                0x0ffe18fc                std::_Optional_base<executorch::runtime::internal::PteDataMap, false, false>::~_Optional_base()
 .text._ZNSt8optionalIN10executorch7runtime8internal10PteDataMapEED2Ev
                0x0ffe1916       0x1a CMakeFiles/executorch_runner_cm33.dir/source/arm_executor_runner.cpp.obj
                0x0ffe1916                std::optional<executorch::runtime::internal::PteDataMap>::~optional()
                0x0ffe1916                std::optional<executorch::runtime::internal::PteDataMap>::~optional()
 .text._ZL14ARM_PMU_Enablev
                0x0ffe1930       0x30 CMakeFiles/executorch_runner_cm33.dir/source/arm_executor_runner.cpp.obj
 .text._ZL20ARM_PMU_CYCCNT_Resetv
                0x0ffe1960       0x18 CMakeFiles/executorch_runner_cm33.dir/source/arm_executor_runner.cpp.obj
 .text._ZL17ARM_PMU_Get_CCNTRv
                0x0ffe1978       0x18 CMakeFiles/executorch_runner_cm33.dir/source/arm_executor_runner.cpp.obj
 .text._ZL19ARM_PMU_CNTR_Enablem
                0x0ffe1990       0x14 CMakeFiles/executorch_runner_cm33.dir/source/arm_executor_runner.cpp.obj
 .text._ZL17StartMeasurementsv
                0x0ffe19a4        0xc CMakeFiles/executorch_runner_cm33.dir/source/arm_executor_runner.cpp.obj
 .text._ZL16StopMeasurementsi
                0x0ffe19b0       0x16 CMakeFiles/executorch_runner_cm33.dir/source/arm_executor_runner.cpp.obj
 *fill*         0x0ffe19c6        0x2 
 .text.et_pal_init
                0x0ffe19c8       0x28 CMakeFiles/executorch_runner_cm33.dir/source/arm_executor_runner.cpp.obj
                0x0ffe19c8                et_pal_init
 .text.et_pal_abort
                0x0ffe19f0        0x6 CMakeFiles/executorch_runner_cm33.dir/source/arm_executor_runner.cpp.obj
                0x0ffe19f0                et_pal_abort
 .text.et_pal_current_ticks
                0x0ffe19f6       0x1a CMakeFiles/executorch_runner_cm33.dir/source/arm_executor_runner.cpp.obj
                0x0ffe19f6                et_pal_current_ticks
 .text.et_pal_ticks_to_ns_multiplier
                0x0ffe1a10       0x24 CMakeFiles/executorch_runner_cm33.dir/source/arm_executor_runner.cpp.obj
                0x0ffe1a10                et_pal_ticks_to_ns_multiplier
 .text.et_pal_emit_log_message
                0x0ffe1a34       0x3c CMakeFiles/executorch_runner_cm33.dir/source/arm_executor_runner.cpp.obj
                0x0ffe1a34                et_pal_emit_log_message
 .text.et_pal_allocate
                0x0ffe1a70       0x16 CMakeFiles/executorch_runner_cm33.dir/source/arm_executor_runner.cpp.obj
                0x0ffe1a70                et_pal_allocate
 .text.et_pal_free
                0x0ffe1a86       0x14 CMakeFiles/executorch_runner_cm33.dir/source/arm_executor_runner.cpp.obj
                0x0ffe1a86                et_pal_free
 .text._ZSt3getILj0EPcjEONSt13tuple_elementIXT_ESt4pairIT0_T1_EE4typeEOS5_
                0x0ffe1a9a       0x20 CMakeFiles/executorch_runner_cm33.dir/source/arm_executor_runner.cpp.obj
                0x0ffe1a9a                std::tuple_element<0u, std::pair<char*, unsigned int> >::type&& std::get<0u, char*, unsigned int>(std::pair<char*, unsigned int>&&)
 .text._ZSt4moveIRSt4pairIPcjEEONSt16remove_referenceIT_E4typeEOS5_
                0x0ffe1aba       0x16 CMakeFiles/executorch_runner_cm33.dir/source/arm_executor_runner.cpp.obj
                0x0ffe1aba                std::remove_reference<std::pair<char*, unsigned int>&>::type&& std::move<std::pair<char*, unsigned int>&>(std::pair<char*, unsigned int>&)
 .text._ZNSt10__pair_getILj0EE10__move_getIPcjEEOT_OSt4pairIS3_T0_E
                0x0ffe1ad0       0x1a CMakeFiles/executorch_runner_cm33.dir/source/arm_executor_runner.cpp.obj
                0x0ffe1ad0                char*&& std::__pair_get<0u>::__move_get<char*, unsigned int>(std::pair<char*, unsigned int>&&)
 .text._ZSt7forwardIPcEOT_RNSt16remove_referenceIS1_E4typeE
                0x0ffe1aea       0x16 CMakeFiles/executorch_runner_cm33.dir/source/arm_executor_runner.cpp.obj
                0x0ffe1aea                char*&& std::forward<char*>(std::remove_reference<char*>::type&)
 .text._ZSt3getILj1EPcjEONSt13tuple_elementIXT_ESt4pairIT0_T1_EE4typeEOS5_
                0x0ffe1b00       0x20 CMakeFiles/executorch_runner_cm33.dir/source/arm_executor_runner.cpp.obj
                0x0ffe1b00                std::tuple_element<1u, std::pair<char*, unsigned int> >::type&& std::get<1u, char*, unsigned int>(std::pair<char*, unsigned int>&&)
 .text._ZNSt10__pair_getILj1EE10__move_getIPcjEEOT0_OSt4pairIT_S3_E
                0x0ffe1b20       0x1c CMakeFiles/executorch_runner_cm33.dir/source/arm_executor_runner.cpp.obj
                0x0ffe1b20                unsigned int&& std::__pair_get<1u>::__move_get<char*, unsigned int>(std::pair<char*, unsigned int>&&)
 .text._ZSt7forwardIjEOT_RNSt16remove_referenceIS0_E4typeE
                0x0ffe1b3c       0x16 CMakeFiles/executorch_runner_cm33.dir/source/arm_executor_runner.cpp.obj
                0x0ffe1b3c                unsigned int&& std::forward<unsigned int>(std::remove_reference<unsigned int>::type&)
 *fill*         0x0ffe1b52        0x2 
 .text._ZN12_GLOBAL__N_121prepare_input_tensorsERN10executorch7runtime6MethodERNS1_15MemoryAllocatorERKSt6vectorISt4pairIPcjESaIS9_EE
                0x0ffe1b54      0x390 CMakeFiles/executorch_runner_cm33.dir/source/arm_executor_runner.cpp.obj
 .text._ZN10executorch9extension16BufferDataLoaderD2Ev
                0x0ffe1ee4       0x24 CMakeFiles/executorch_runner_cm33.dir/source/arm_executor_runner.cpp.obj
                0x0ffe1ee4                executorch::extension::BufferDataLoader::~BufferDataLoader()
                0x0ffe1ee4                executorch::extension::BufferDataLoader::~BufferDataLoader()
 .text._ZN10executorch9extension16BufferDataLoaderD0Ev
                0x0ffe1f08       0x20 CMakeFiles/executorch_runner_cm33.dir/source/arm_executor_runner.cpp.obj
                0x0ffe1f08                executorch::extension::BufferDataLoader::~BufferDataLoader()
 .text._ZNSt12_Vector_baseIPhSaIS0_EE12_Vector_implD2Ev
                0x0ffe1f28       0x1c CMakeFiles/executorch_runner_cm33.dir/source/arm_executor_runner.cpp.obj
                0x0ffe1f28                std::_Vector_base<unsigned char*, std::allocator<unsigned char*> >::_Vector_impl::~_Vector_impl()
                0x0ffe1f28                std::_Vector_base<unsigned char*, std::allocator<unsigned char*> >::_Vector_impl::~_Vector_impl()
 .text._ZNSt12_Vector_baseIPhSaIS0_EEC2Ev
                0x0ffe1f44       0x1a CMakeFiles/executorch_runner_cm33.dir/source/arm_executor_runner.cpp.obj
                0x0ffe1f44                std::_Vector_base<unsigned char*, std::allocator<unsigned char*> >::_Vector_base()
                0x0ffe1f44                std::_Vector_base<unsigned char*, std::allocator<unsigned char*> >::_Vector_base()
 .text._ZNSt6vectorIPhSaIS0_EEC2Ev
                0x0ffe1f5e       0x1a CMakeFiles/executorch_runner_cm33.dir/source/arm_executor_runner.cpp.obj
                0x0ffe1f5e                std::vector<unsigned char*, std::allocator<unsigned char*> >::vector()
                0x0ffe1f5e                std::vector<unsigned char*, std::allocator<unsigned char*> >::vector()
 .text._ZNSt12_Vector_baseIN10executorch7runtime4SpanIhEESaIS3_EE12_Vector_implD2Ev
                0x0ffe1f78       0x1c CMakeFiles/executorch_runner_cm33.dir/source/arm_executor_runner.cpp.obj
                0x0ffe1f78                std::_Vector_base<executorch::runtime::Span<unsigned char>, std::allocator<executorch::runtime::Span<unsigned char> > >::_Vector_impl::~_Vector_impl()
                0x0ffe1f78                std::_Vector_base<executorch::runtime::Span<unsigned char>, std::allocator<executorch::runtime::Span<unsigned char> > >::_Vector_impl::~_Vector_impl()
 .text._ZNSt12_Vector_baseIN10executorch7runtime4SpanIhEESaIS3_EEC2Ev
                0x0ffe1f94       0x1a CMakeFiles/executorch_runner_cm33.dir/source/arm_executor_runner.cpp.obj
                0x0ffe1f94                std::_Vector_base<executorch::runtime::Span<unsigned char>, std::allocator<executorch::runtime::Span<unsigned char> > >::_Vector_base()
                0x0ffe1f94                std::_Vector_base<executorch::runtime::Span<unsigned char>, std::allocator<executorch::runtime::Span<unsigned char> > >::_Vector_base()
 .text._ZNSt6vectorIN10executorch7runtime4SpanIhEESaIS3_EEC2Ev
                0x0ffe1fae       0x1a CMakeFiles/executorch_runner_cm33.dir/source/arm_executor_runner.cpp.obj
                0x0ffe1fae                std::vector<executorch::runtime::Span<unsigned char>, std::allocator<executorch::runtime::Span<unsigned char> > >::vector()
                0x0ffe1fae                std::vector<executorch::runtime::Span<unsigned char>, std::allocator<executorch::runtime::Span<unsigned char> > >::vector()
 .text._ZN12_GLOBAL__N_111runner_initERNS_13RunnerContextESt6vectorISt4pairIPcjESaIS5_EEj
                0x0ffe1fc8      0x880 CMakeFiles/executorch_runner_cm33.dir/source/arm_executor_runner.cpp.obj
 .text._ZN12_GLOBAL__N_114log_mem_statusERNS_13RunnerContextE
                0x0ffe2848      0x2ac CMakeFiles/executorch_runner_cm33.dir/source/arm_executor_runner.cpp.obj
 .text._ZN12_GLOBAL__N_113print_outputsERNS_13RunnerContextE
                0x0ffe2af4      0x180 CMakeFiles/executorch_runner_cm33.dir/source/arm_executor_runner.cpp.obj
 .text._ZN12_GLOBAL__N_112write_etdumpERNS_13RunnerContextE
                0x0ffe2c74       0x14 CMakeFiles/executorch_runner_cm33.dir/source/arm_executor_runner.cpp.obj
 .text._ZN12_GLOBAL__N_113verify_resultERNS_13RunnerContextEPKv
                0x0ffe2c88       0x20 CMakeFiles/executorch_runner_cm33.dir/source/arm_executor_runner.cpp.obj
 .text._ZN12_GLOBAL__N_19run_modelERNS_13RunnerContextEPKv
                0x0ffe2ca8      0x178 CMakeFiles/executorch_runner_cm33.dir/source/arm_executor_runner.cpp.obj
 .text._ZNSt12_Vector_baseISt4pairIPcjESaIS2_EE12_Vector_implD2Ev
                0x0ffe2e20       0x1c CMakeFiles/executorch_runner_cm33.dir/source/arm_executor_runner.cpp.obj
                0x0ffe2e20                std::_Vector_base<std::pair<char*, unsigned int>, std::allocator<std::pair<char*, unsigned int> > >::_Vector_impl::~_Vector_impl()
                0x0ffe2e20                std::_Vector_base<std::pair<char*, unsigned int>, std::allocator<std::pair<char*, unsigned int> > >::_Vector_impl::~_Vector_impl()
 .text._ZNSt12_Vector_baseISt4pairIPcjESaIS2_EEC2Ev
                0x0ffe2e3c       0x1a CMakeFiles/executorch_runner_cm33.dir/source/arm_executor_runner.cpp.obj
                0x0ffe2e3c                std::_Vector_base<std::pair<char*, unsigned int>, std::allocator<std::pair<char*, unsigned int> > >::_Vector_base()
                0x0ffe2e3c                std::_Vector_base<std::pair<char*, unsigned int>, std::allocator<std::pair<char*, unsigned int> > >::_Vector_base()
 .text._ZNSt6vectorISt4pairIPcjESaIS2_EEC2Ev
                0x0ffe2e56       0x1a CMakeFiles/executorch_runner_cm33.dir/source/arm_executor_runner.cpp.obj
                0x0ffe2e56                std::vector<std::pair<char*, unsigned int>, std::allocator<std::pair<char*, unsigned int> > >::vector()
                0x0ffe2e56                std::vector<std::pair<char*, unsigned int>, std::allocator<std::pair<char*, unsigned int> > >::vector()
 .text._ZN12_GLOBAL__N_13BoxI18ArmMemoryAllocatorEC2Ev
                0x0ffe2e70       0x1c CMakeFiles/executorch_runner_cm33.dir/source/arm_executor_runner.cpp.obj
 .text._ZN12_GLOBAL__N_13BoxIN10executorch7runtime6ResultINS2_6MethodEEEEC2Ev
                0x0ffe2e8c       0x1e CMakeFiles/executorch_runner_cm33.dir/source/arm_executor_runner.cpp.obj
 .text._ZN12_GLOBAL__N_113RunnerContextC2Ev
                0x0ffe2eaa       0x60 CMakeFiles/executorch_runner_cm33.dir/source/arm_executor_runner.cpp.obj
 .text._ZN12_GLOBAL__N_113RunnerContextD2Ev
                0x0ffe2f0a       0x30 CMakeFiles/executorch_runner_cm33.dir/source/arm_executor_runner.cpp.obj
 *fill*         0x0ffe2f3a        0x2 
 .text.main     0x0ffe2f3c      0x1f8 CMakeFiles/executorch_runner_cm33.dir/source/arm_executor_runner.cpp.obj
                0x0ffe2f3c                main
 .text._ZSt7forwardIN10executorch7runtime14FreeableBuffer11PointerDataEEOT_RNSt16remove_referenceIS4_E4typeE
                0x0ffe3134       0x16 CMakeFiles/executorch_runner_cm33.dir/source/arm_executor_runner.cpp.obj
                0x0ffe3134                executorch::runtime::FreeableBuffer::PointerData&& std::forward<executorch::runtime::FreeableBuffer::PointerData>(std::remove_reference<executorch::runtime::FreeableBuffer::PointerData>::type&)
 .text._ZNSt7variantIJN10executorch7runtime14FreeableBuffer11PointerDataENS2_10UInt64DataEEEC2ILj0EJS3_ES3_vEESt16in_place_index_tIXT_EEDpOT0_
                0x0ffe314a       0x2a CMakeFiles/executorch_runner_cm33.dir/source/arm_executor_runner.cpp.obj
                0x0ffe314a                std::variant<executorch::runtime::FreeableBuffer::PointerData, executorch::runtime::FreeableBuffer::UInt64Data>::variant<0u, executorch::runtime::FreeableBuffer::PointerData, executorch::runtime::FreeableBuffer::PointerData, void>(std::in_place_index_t<0u>, executorch::runtime::FreeableBuffer::PointerData&&)
                0x0ffe314a                std::variant<executorch::runtime::FreeableBuffer::PointerData, executorch::runtime::FreeableBuffer::UInt64Data>::variant<0u, executorch::runtime::FreeableBuffer::PointerData, executorch::runtime::FreeableBuffer::PointerData, void>(std::in_place_index_t<0u>, executorch::runtime::FreeableBuffer::PointerData&&)
 .text._ZNSt8__detail9__variant15_Copy_ctor_baseILb1EJN10executorch7runtime14FreeableBuffer11PointerDataENS4_10UInt64DataEEECI2NS0_16_Variant_storageILb1EJS5_S6_EEEILj0EJS5_EEESt16in_place_index_tIXT_EEDpOT0_
                0x0ffe3174       0x22 CMakeFiles/executorch_runner_cm33.dir/source/arm_executor_runner.cpp.obj
                0x0ffe3174                std::__detail::__variant::_Copy_ctor_base<true, executorch::runtime::FreeableBuffer::PointerData, executorch::runtime::FreeableBuffer::UInt64Data>::_Variant_storage<0u, executorch::runtime::FreeableBuffer::PointerData>(std::in_place_index_t<0u>, executorch::runtime::FreeableBuffer::PointerData&&)
                0x0ffe3174                std::__detail::__variant::_Copy_ctor_base<true, executorch::runtime::FreeableBuffer::PointerData, executorch::runtime::FreeableBuffer::UInt64Data>::_Variant_storage<0u, executorch::runtime::FreeableBuffer::PointerData>(std::in_place_index_t<0u>, executorch::runtime::FreeableBuffer::PointerData&&)
 .text._ZNSt8__detail9__variant15_Move_ctor_baseILb1EJN10executorch7runtime14FreeableBuffer11PointerDataENS4_10UInt64DataEEECI2NS0_16_Variant_storageILb1EJS5_S6_EEEILj0EJS5_EEESt16in_place_index_tIXT_EEDpOT0_
                0x0ffe3196       0x22 CMakeFiles/executorch_runner_cm33.dir/source/arm_executor_runner.cpp.obj
                0x0ffe3196                std::__detail::__variant::_Move_ctor_base<true, executorch::runtime::FreeableBuffer::PointerData, executorch::runtime::FreeableBuffer::UInt64Data>::_Variant_storage<0u, executorch::runtime::FreeableBuffer::PointerData>(std::in_place_index_t<0u>, executorch::runtime::FreeableBuffer::PointerData&&)
                0x0ffe3196                std::__detail::__variant::_Move_ctor_base<true, executorch::runtime::FreeableBuffer::PointerData, executorch::runtime::FreeableBuffer::UInt64Data>::_Variant_storage<0u, executorch::runtime::FreeableBuffer::PointerData>(std::in_place_index_t<0u>, executorch::runtime::FreeableBuffer::PointerData&&)
 .text._ZNSt8__detail9__variant17_Copy_assign_baseILb1EJN10executorch7runtime14FreeableBuffer11PointerDataENS4_10UInt64DataEEECI2NS0_16_Variant_storageILb1EJS5_S6_EEEILj0EJS5_EEESt16in_place_index_tIXT_EEDpOT0_
                0x0ffe31b8       0x22 CMakeFiles/executorch_runner_cm33.dir/source/arm_executor_runner.cpp.obj
                0x0ffe31b8                std::__detail::__variant::_Copy_assign_base<true, executorch::runtime::FreeableBuffer::PointerData, executorch::runtime::FreeableBuffer::UInt64Data>::_Variant_storage<0u, executorch::runtime::FreeableBuffer::PointerData>(std::in_place_index_t<0u>, executorch::runtime::FreeableBuffer::PointerData&&)
                0x0ffe31b8                std::__detail::__variant::_Copy_assign_base<true, executorch::runtime::FreeableBuffer::PointerData, executorch::runtime::FreeableBuffer::UInt64Data>::_Variant_storage<0u, executorch::runtime::FreeableBuffer::PointerData>(std::in_place_index_t<0u>, executorch::runtime::FreeableBuffer::PointerData&&)
 .text._ZNSt8__detail9__variant17_Move_assign_baseILb1EJN10executorch7runtime14FreeableBuffer11PointerDataENS4_10UInt64DataEEECI2NS0_16_Variant_storageILb1EJS5_S6_EEEILj0EJS5_EEESt16in_place_index_tIXT_EEDpOT0_
                0x0ffe31da       0x22 CMakeFiles/executorch_runner_cm33.dir/source/arm_executor_runner.cpp.obj
                0x0ffe31da                std::__detail::__variant::_Move_assign_base<true, executorch::runtime::FreeableBuffer::PointerData, executorch::runtime::FreeableBuffer::UInt64Data>::_Variant_storage<0u, executorch::runtime::FreeableBuffer::PointerData>(std::in_place_index_t<0u>, executorch::runtime::FreeableBuffer::PointerData&&)
                0x0ffe31da                std::__detail::__variant::_Move_assign_base<true, executorch::runtime::FreeableBuffer::PointerData, executorch::runtime::FreeableBuffer::UInt64Data>::_Variant_storage<0u, executorch::runtime::FreeableBuffer::PointerData>(std::in_place_index_t<0u>, executorch::runtime::FreeableBuffer::PointerData&&)
 .text._ZNSt8__detail9__variant13_Variant_baseIJN10executorch7runtime14FreeableBuffer11PointerDataENS4_10UInt64DataEEEC2ILj0EJS5_EEESt16in_place_index_tIXT_EEDpOT0_
                0x0ffe31fc       0x2a CMakeFiles/executorch_runner_cm33.dir/source/arm_executor_runner.cpp.obj
                0x0ffe31fc                std::__detail::__variant::_Variant_base<executorch::runtime::FreeableBuffer::PointerData, executorch::runtime::FreeableBuffer::UInt64Data>::_Variant_base<0u, executorch::runtime::FreeableBuffer::PointerData>(std::in_place_index_t<0u>, executorch::runtime::FreeableBuffer::PointerData&&)
                0x0ffe31fc                std::__detail::__variant::_Variant_base<executorch::runtime::FreeableBuffer::PointerData, executorch::runtime::FreeableBuffer::UInt64Data>::_Variant_base<0u, executorch::runtime::FreeableBuffer::PointerData>(std::in_place_index_t<0u>, executorch::runtime::FreeableBuffer::PointerData&&)
 .text._ZNSt8__detail9__variant14_UninitializedIN10executorch7runtime14FreeableBuffer11PointerDataELb1EEC2IJS5_EEESt16in_place_index_tILj0EEDpOT_
                0x0ffe3226       0x28 CMakeFiles/executorch_runner_cm33.dir/source/arm_executor_runner.cpp.obj
                0x0ffe3226                std::__detail::__variant::_Uninitialized<executorch::runtime::FreeableBuffer::PointerData, true>::_Uninitialized<executorch::runtime::FreeableBuffer::PointerData>(std::in_place_index_t<0u>, executorch::runtime::FreeableBuffer::PointerData&&)
                0x0ffe3226                std::__detail::__variant::_Uninitialized<executorch::runtime::FreeableBuffer::PointerData, true>::_Uninitialized<executorch::runtime::FreeableBuffer::PointerData>(std::in_place_index_t<0u>, executorch::runtime::FreeableBuffer::PointerData&&)
 .text._ZNSt8__detail9__variant15_Variadic_unionILb1EJN10executorch7runtime14FreeableBuffer11PointerDataENS4_10UInt64DataEEEC2IJS5_EEESt16in_place_index_tILj0EEDpOT_
                0x0ffe324e       0x2a CMakeFiles/executorch_runner_cm33.dir/source/arm_executor_runner.cpp.obj
                0x0ffe324e                std::__detail::__variant::_Variadic_union<true, executorch::runtime::FreeableBuffer::PointerData, executorch::runtime::FreeableBuffer::UInt64Data>::_Variadic_union<executorch::runtime::FreeableBuffer::PointerData>(std::in_place_index_t<0u>, executorch::runtime::FreeableBuffer::PointerData&&)
                0x0ffe324e                std::__detail::__variant::_Variadic_union<true, executorch::runtime::FreeableBuffer::PointerData, executorch::runtime::FreeableBuffer::UInt64Data>::_Variadic_union<executorch::runtime::FreeableBuffer::PointerData>(std::in_place_index_t<0u>, executorch::runtime::FreeableBuffer::PointerData&&)
 .text._ZNSt8__detail9__variant16_Variant_storageILb1EJN10executorch7runtime14FreeableBuffer11PointerDataENS4_10UInt64DataEEEC2ILj0EJS5_EEESt16in_place_index_tIXT_EEDpOT0_
                0x0ffe3278       0x30 CMakeFiles/executorch_runner_cm33.dir/source/arm_executor_runner.cpp.obj
                0x0ffe3278                std::__detail::__variant::_Variant_storage<true, executorch::runtime::FreeableBuffer::PointerData, executorch::runtime::FreeableBuffer::UInt64Data>::_Variant_storage<0u, executorch::runtime::FreeableBuffer::PointerData>(std::in_place_index_t<0u>, executorch::runtime::FreeableBuffer::PointerData&&)
                0x0ffe3278                std::__detail::__variant::_Variant_storage<true, executorch::runtime::FreeableBuffer::PointerData, executorch::runtime::FreeableBuffer::UInt64Data>::_Variant_storage<0u, executorch::runtime::FreeableBuffer::PointerData>(std::in_place_index_t<0u>, executorch::runtime::FreeableBuffer::PointerData&&)
 .text._ZNSt7variantIJN10executorch7runtime14FreeableBuffer11PointerDataENS2_10UInt64DataEEEC2IS3_vvS3_vEEOT_
                0x0ffe32a8       0x26 CMakeFiles/executorch_runner_cm33.dir/source/arm_executor_runner.cpp.obj
                0x0ffe32a8                std::variant<executorch::runtime::FreeableBuffer::PointerData, executorch::runtime::FreeableBuffer::UInt64Data>::variant<executorch::runtime::FreeableBuffer::PointerData, void, void, executorch::runtime::FreeableBuffer::PointerData, void>(executorch::runtime::FreeableBuffer::PointerData&&)
                0x0ffe32a8                std::variant<executorch::runtime::FreeableBuffer::PointerData, executorch::runtime::FreeableBuffer::UInt64Data>::variant<executorch::runtime::FreeableBuffer::PointerData, void, void, executorch::runtime::FreeableBuffer::PointerData, void>(executorch::runtime::FreeableBuffer::PointerData&&)
 .text._ZSt7forwardIN10executorch7runtime14FreeableBuffer10UInt64DataEEOT_RNSt16remove_referenceIS4_E4typeE
                0x0ffe32ce       0x16 CMakeFiles/executorch_runner_cm33.dir/source/arm_executor_runner.cpp.obj
                0x0ffe32ce                executorch::runtime::FreeableBuffer::UInt64Data&& std::forward<executorch::runtime::FreeableBuffer::UInt64Data>(std::remove_reference<executorch::runtime::FreeableBuffer::UInt64Data>::type&)
 .text._ZNSt8__detail9__variant14_UninitializedIN10executorch7runtime14FreeableBuffer10UInt64DataELb1EEC2IJS5_EEESt16in_place_index_tILj0EEDpOT_
                0x0ffe32e4       0x2a CMakeFiles/executorch_runner_cm33.dir/source/arm_executor_runner.cpp.obj
                0x0ffe32e4                std::__detail::__variant::_Uninitialized<executorch::runtime::FreeableBuffer::UInt64Data, true>::_Uninitialized<executorch::runtime::FreeableBuffer::UInt64Data>(std::in_place_index_t<0u>, executorch::runtime::FreeableBuffer::UInt64Data&&)
                0x0ffe32e4                std::__detail::__variant::_Uninitialized<executorch::runtime::FreeableBuffer::UInt64Data, true>::_Uninitialized<executorch::runtime::FreeableBuffer::UInt64Data>(std::in_place_index_t<0u>, executorch::runtime::FreeableBuffer::UInt64Data&&)
 .text._ZNKSt7variantIJN10executorch7runtime14FreeableBuffer11PointerDataENS2_10UInt64DataEEE5indexEv
                0x0ffe330e       0x18 CMakeFiles/executorch_runner_cm33.dir/source/arm_executor_runner.cpp.obj
                0x0ffe330e                std::variant<executorch::runtime::FreeableBuffer::PointerData, executorch::runtime::FreeableBuffer::UInt64Data>::index() const
 .text._ZSt17holds_alternativeIN10executorch7runtime14FreeableBuffer11PointerDataEJS3_NS2_10UInt64DataEEEbRKSt7variantIJDpT0_EE
                0x0ffe3326       0x28 CMakeFiles/executorch_runner_cm33.dir/source/arm_executor_runner.cpp.obj
                0x0ffe3326                bool std::holds_alternative<executorch::runtime::FreeableBuffer::PointerData, executorch::runtime::FreeableBuffer::PointerData, executorch::runtime::FreeableBuffer::UInt64Data>(std::variant<executorch::runtime::FreeableBuffer::PointerData, executorch::runtime::FreeableBuffer::UInt64Data> const&)
 .text._ZNSt7variantIJN10executorch7runtime14FreeableBuffer11PointerDataENS2_10UInt64DataEEEaSIS3_EENSt9enable_ifIXaaaa14__exactly_onceINSt9_Nth_typeIX16__accepted_indexIOT_EEJS3_S4_EE4typeEE18is_constructible_vISC_JS9_EE15is_assignable_vIRSC_S9_EERS5_E4typeESA_
                0x0ffe334e       0x5a CMakeFiles/executorch_runner_cm33.dir/source/arm_executor_runner.cpp.obj
                0x0ffe334e                std::enable_if<((__exactly_once<std::_Nth_type<__accepted_index<executorch::runtime::FreeableBuffer::PointerData&&>, executorch::runtime::FreeableBuffer::PointerData, executorch::runtime::FreeableBuffer::UInt64Data>::type>)&&(is_constructible_v<std::_Nth_type<__accepted_index<executorch::runtime::FreeableBuffer::PointerData&&>, executorch::runtime::FreeableBuffer::PointerData, executorch::runtime::FreeableBuffer::UInt64Data>::type, executorch::runtime::FreeableBuffer::PointerData>))&&(is_assignable_v<std::_Nth_type<__accepted_index<executorch::runtime::FreeableBuffer::PointerData&&>, executorch::runtime::FreeableBuffer::PointerData, executorch::runtime::FreeableBuffer::UInt64Data>::type&, executorch::runtime::FreeableBuffer::PointerData>), std::variant<executorch::runtime::FreeableBuffer::PointerData, executorch::runtime::FreeableBuffer::UInt64Data>&>::type std::variant<executorch::runtime::FreeableBuffer::PointerData, executorch::runtime::FreeableBuffer::UInt64Data>::operator=<executorch::runtime::FreeableBuffer::PointerData>(executorch::runtime::FreeableBuffer::PointerData&&)
 .text._ZNSt7variantIJN10executorch7runtime14FreeableBuffer11PointerDataENS2_10UInt64DataEEEaSIS4_EENSt9enable_ifIXaaaa14__exactly_onceINSt9_Nth_typeIX16__accepted_indexIOT_EEJS3_S4_EE4typeEE18is_constructible_vISC_JS9_EE15is_assignable_vIRSC_S9_EERS5_E4typeESA_
                0x0ffe33a8       0x5a CMakeFiles/executorch_runner_cm33.dir/source/arm_executor_runner.cpp.obj
                0x0ffe33a8                std::enable_if<((__exactly_once<std::_Nth_type<__accepted_index<executorch::runtime::FreeableBuffer::UInt64Data&&>, executorch::runtime::FreeableBuffer::PointerData, executorch::runtime::FreeableBuffer::UInt64Data>::type>)&&(is_constructible_v<std::_Nth_type<__accepted_index<executorch::runtime::FreeableBuffer::UInt64Data&&>, executorch::runtime::FreeableBuffer::PointerData, executorch::runtime::FreeableBuffer::UInt64Data>::type, executorch::runtime::FreeableBuffer::UInt64Data>))&&(is_assignable_v<std::_Nth_type<__accepted_index<executorch::runtime::FreeableBuffer::UInt64Data&&>, executorch::runtime::FreeableBuffer::PointerData, executorch::runtime::FreeableBuffer::UInt64Data>::type&, executorch::runtime::FreeableBuffer::UInt64Data>), std::variant<executorch::runtime::FreeableBuffer::PointerData, executorch::runtime::FreeableBuffer::UInt64Data>&>::type std::variant<executorch::runtime::FreeableBuffer::PointerData, executorch::runtime::FreeableBuffer::UInt64Data>::operator=<executorch::runtime::FreeableBuffer::UInt64Data>(executorch::runtime::FreeableBuffer::UInt64Data&&)
 .text._ZSt3getIN10executorch7runtime14FreeableBuffer11PointerDataEJS3_NS2_10UInt64DataEEERT_RSt7variantIJDpT0_EE
                0x0ffe3402       0x1c CMakeFiles/executorch_runner_cm33.dir/source/arm_executor_runner.cpp.obj
                0x0ffe3402                executorch::runtime::FreeableBuffer::PointerData& std::get<executorch::runtime::FreeableBuffer::PointerData, executorch::runtime::FreeableBuffer::PointerData, executorch::runtime::FreeableBuffer::UInt64Data>(std::variant<executorch::runtime::FreeableBuffer::PointerData, executorch::runtime::FreeableBuffer::UInt64Data>&)
 .text._ZSt3getIN10executorch7runtime14FreeableBuffer10UInt64DataEJNS2_11PointerDataES3_EERT_RSt7variantIJDpT0_EE
                0x0ffe341e       0x1c CMakeFiles/executorch_runner_cm33.dir/source/arm_executor_runner.cpp.obj
                0x0ffe341e                executorch::runtime::FreeableBuffer::UInt64Data& std::get<executorch::runtime::FreeableBuffer::UInt64Data, executorch::runtime::FreeableBuffer::PointerData, executorch::runtime::FreeableBuffer::UInt64Data>(std::variant<executorch::runtime::FreeableBuffer::PointerData, executorch::runtime::FreeableBuffer::UInt64Data>&)
 .text._ZSt3getIN10executorch7runtime14FreeableBuffer11PointerDataEJS3_NS2_10UInt64DataEEERKT_RKSt7variantIJDpT0_EE
                0x0ffe343a       0x1c CMakeFiles/executorch_runner_cm33.dir/source/arm_executor_runner.cpp.obj
                0x0ffe343a                executorch::runtime::FreeableBuffer::PointerData const& std::get<executorch::runtime::FreeableBuffer::PointerData, executorch::runtime::FreeableBuffer::PointerData, executorch::runtime::FreeableBuffer::UInt64Data>(std::variant<executorch::runtime::FreeableBuffer::PointerData, executorch::runtime::FreeableBuffer::UInt64Data> const&)
 .text._ZN10executorch7runtime6ResultINS0_14FreeableBufferEEC2ENS0_5ErrorE
                0x0ffe3456       0x3a CMakeFiles/executorch_runner_cm33.dir/source/arm_executor_runner.cpp.obj
                0x0ffe3456                executorch::runtime::Result<executorch::runtime::FreeableBuffer>::Result(executorch::runtime::Error)
                0x0ffe3456                executorch::runtime::Result<executorch::runtime::FreeableBuffer>::Result(executorch::runtime::Error)
 .text._ZN10executorch7runtime6ResultINS0_14FreeableBufferEED2Ev
                0x0ffe3490       0x24 CMakeFiles/executorch_runner_cm33.dir/source/arm_executor_runner.cpp.obj
                0x0ffe3490                executorch::runtime::Result<executorch::runtime::FreeableBuffer>::~Result()
                0x0ffe3490                executorch::runtime::Result<executorch::runtime::FreeableBuffer>::~Result()
 .text._ZN10executorch7runtime6ResultINS0_14FreeableBufferEEC2EOS2_
                0x0ffe34b4       0x2e CMakeFiles/executorch_runner_cm33.dir/source/arm_executor_runner.cpp.obj
                0x0ffe34b4                executorch::runtime::Result<executorch::runtime::FreeableBuffer>::Result(executorch::runtime::FreeableBuffer&&)
                0x0ffe34b4                executorch::runtime::Result<executorch::runtime::FreeableBuffer>::Result(executorch::runtime::FreeableBuffer&&)
 .text._ZN10executorch7runtime6ResultIjEC2ERKj
                0x0ffe34e2       0x26 CMakeFiles/executorch_runner_cm33.dir/source/arm_executor_runner.cpp.obj
                0x0ffe34e2                executorch::runtime::Result<unsigned int>::Result(unsigned int const&)
                0x0ffe34e2                executorch::runtime::Result<unsigned int>::Result(unsigned int const&)
 .text._ZNK10executorch7runtime6ResultINS0_14FreeableBufferEE2okEv
                0x0ffe3508       0x1a CMakeFiles/executorch_runner_cm33.dir/source/arm_executor_runner.cpp.obj
                0x0ffe3508                executorch::runtime::Result<executorch::runtime::FreeableBuffer>::ok() const
 .text._ZNK10executorch7runtime6ResultINS0_14FreeableBufferEE5errorEv
                0x0ffe3522       0x26 CMakeFiles/executorch_runner_cm33.dir/source/arm_executor_runner.cpp.obj
                0x0ffe3522                executorch::runtime::Result<executorch::runtime::FreeableBuffer>::error() const
 .text._ZN10executorch7runtime6ResultINS0_14FreeableBufferEEptEv
                0x0ffe3548       0x18 CMakeFiles/executorch_runner_cm33.dir/source/arm_executor_runner.cpp.obj
                0x0ffe3548                executorch::runtime::Result<executorch::runtime::FreeableBuffer>::operator->()
 .text._ZNK10executorch7runtime15BoxedEvalueListINS0_7etensor6TensorEE3getEv
                0x0ffe3560       0xd4 CMakeFiles/executorch_runner_cm33.dir/source/arm_executor_runner.cpp.obj
                0x0ffe3560                executorch::runtime::BoxedEvalueList<executorch::runtime::etensor::Tensor>::get() const
 .text._ZN10executorch7runtime4SpanIhEC2EPhj
                0x0ffe3634       0x74 CMakeFiles/executorch_runner_cm33.dir/source/arm_executor_runner.cpp.obj
                0x0ffe3634                executorch::runtime::Span<unsigned char>::Span(unsigned char*, unsigned int)
                0x0ffe3634                executorch::runtime::Span<unsigned char>::Span(unsigned char*, unsigned int)
 .text._ZN10executorch7runtime4SpanINS1_IhEEEC2EPS2_j
                0x0ffe36a8       0x74 CMakeFiles/executorch_runner_cm33.dir/source/arm_executor_runner.cpp.obj
                0x0ffe36a8                executorch::runtime::Span<executorch::runtime::Span<unsigned char> >::Span(executorch::runtime::Span<unsigned char>*, unsigned int)
                0x0ffe36a8                executorch::runtime::Span<executorch::runtime::Span<unsigned char> >::Span(executorch::runtime::Span<unsigned char>*, unsigned int)
 .text._ZN10executorch7runtime6ResultIPKcED2Ev
                0x0ffe371c       0x1c CMakeFiles/executorch_runner_cm33.dir/source/arm_executor_runner.cpp.obj
                0x0ffe371c                executorch::runtime::Result<char const*>::~Result()
                0x0ffe371c                executorch::runtime::Result<char const*>::~Result()
 .text._ZN10executorch7runtime6ResultIxED2Ev
                0x0ffe3738       0x1c CMakeFiles/executorch_runner_cm33.dir/source/arm_executor_runner.cpp.obj
                0x0ffe3738                executorch::runtime::Result<long long>::~Result()
                0x0ffe3738                executorch::runtime::Result<long long>::~Result()
 .text._ZSt4moveIRPN10executorch7runtime8internal13MergedDataMapEEONSt16remove_referenceIT_E4typeEOS7_
                0x0ffe3754       0x16 CMakeFiles/executorch_runner_cm33.dir/source/arm_executor_runner.cpp.obj
                0x0ffe3754                std::remove_reference<executorch::runtime::internal::MergedDataMap*&>::type&& std::move<executorch::runtime::internal::MergedDataMap*&>(executorch::runtime::internal::MergedDataMap*&)
 .text._ZN10executorch7runtime7ProgramD2Ev
                0x0ffe376a       0x2e CMakeFiles/executorch_runner_cm33.dir/source/arm_executor_runner.cpp.obj
                0x0ffe376a                executorch::runtime::Program::~Program()
                0x0ffe376a                executorch::runtime::Program::~Program()
 .text._ZN10executorch7runtime6ResultINS0_7ProgramEED2Ev
                0x0ffe3798       0x24 CMakeFiles/executorch_runner_cm33.dir/source/arm_executor_runner.cpp.obj
                0x0ffe3798                executorch::runtime::Result<executorch::runtime::Program>::~Result()
                0x0ffe3798                executorch::runtime::Result<executorch::runtime::Program>::~Result()
 .text._ZSt4moveIRN10executorch7runtime14FreeableBufferEEONSt16remove_referenceIT_E4typeEOS5_
                0x0ffe37bc       0x16 CMakeFiles/executorch_runner_cm33.dir/source/arm_executor_runner.cpp.obj
                0x0ffe37bc                std::remove_reference<executorch::runtime::FreeableBuffer&>::type&& std::move<executorch::runtime::FreeableBuffer&>(executorch::runtime::FreeableBuffer&)
 .text._ZNSt22_Optional_payload_baseIN10executorch7runtime8internal10PteDataMapEED2Ev
                0x0ffe37d2       0x1a CMakeFiles/executorch_runner_cm33.dir/source/arm_executor_runner.cpp.obj
                0x0ffe37d2                std::_Optional_payload_base<executorch::runtime::internal::PteDataMap>::~_Optional_payload_base()
                0x0ffe37d2                std::_Optional_payload_base<executorch::runtime::internal::PteDataMap>::~_Optional_payload_base()
 .text._ZNSt17_Optional_payloadIN10executorch7runtime8internal10PteDataMapELb1ELb0ELb0EED2Ev
                0x0ffe37ec       0x1a CMakeFiles/executorch_runner_cm33.dir/source/arm_executor_runner.cpp.obj
                0x0ffe37ec                std::_Optional_payload<executorch::runtime::internal::PteDataMap, true, false, false>::~_Optional_payload()
                0x0ffe37ec                std::_Optional_payload<executorch::runtime::internal::PteDataMap, true, false, false>::~_Optional_payload()
 .text._ZNSt17_Optional_payloadIN10executorch7runtime8internal10PteDataMapELb0ELb0ELb0EED2Ev
                0x0ffe3806       0x22 CMakeFiles/executorch_runner_cm33.dir/source/arm_executor_runner.cpp.obj
                0x0ffe3806                std::_Optional_payload<executorch::runtime::internal::PteDataMap, false, false, false>::~_Optional_payload()
                0x0ffe3806                std::_Optional_payload<executorch::runtime::internal::PteDataMap, false, false, false>::~_Optional_payload()
 .text._ZN10executorch7runtime6ResultINS0_3TagEED2Ev
                0x0ffe3828       0x1c CMakeFiles/executorch_runner_cm33.dir/source/arm_executor_runner.cpp.obj
                0x0ffe3828                executorch::runtime::Result<executorch::runtime::Tag>::~Result()
                0x0ffe3828                executorch::runtime::Result<executorch::runtime::Tag>::~Result()
 .text._ZNK10executorch7runtime6ResultINS0_3TagEE5errorEv
                0x0ffe3844       0x24 CMakeFiles/executorch_runner_cm33.dir/source/arm_executor_runner.cpp.obj
                0x0ffe3844                executorch::runtime::Result<executorch::runtime::Tag>::error() const
 .text._ZN10executorch7runtime6ResultINS0_3TagEE3getEv
                0x0ffe3868       0x18 CMakeFiles/executorch_runner_cm33.dir/source/arm_executor_runner.cpp.obj
                0x0ffe3868                executorch::runtime::Result<executorch::runtime::Tag>::get()
 .text._ZN10executorch7runtime6ResultINS0_10TensorInfoEED2Ev
                0x0ffe3880       0x1e CMakeFiles/executorch_runner_cm33.dir/source/arm_executor_runner.cpp.obj
                0x0ffe3880                executorch::runtime::Result<executorch::runtime::TensorInfo>::~Result()
                0x0ffe3880                executorch::runtime::Result<executorch::runtime::TensorInfo>::~Result()
 .text._ZNK10executorch7runtime6ResultINS0_10TensorInfoEE5errorEv
                0x0ffe389e       0x26 CMakeFiles/executorch_runner_cm33.dir/source/arm_executor_runner.cpp.obj
                0x0ffe389e                executorch::runtime::Result<executorch::runtime::TensorInfo>::error() const
 .text._ZNKSt6vectorISt4pairIPcjESaIS2_EE4sizeEv
                0x0ffe38c4       0x20 CMakeFiles/executorch_runner_cm33.dir/source/arm_executor_runner.cpp.obj
                0x0ffe38c4                std::vector<std::pair<char*, unsigned int>, std::allocator<std::pair<char*, unsigned int> > >::size() const
 .text._ZNKSt6vectorISt4pairIPcjESaIS2_EE2atEj
                0x0ffe38e4       0x24 CMakeFiles/executorch_runner_cm33.dir/source/arm_executor_runner.cpp.obj
                0x0ffe38e4                std::vector<std::pair<char*, unsigned int>, std::allocator<std::pair<char*, unsigned int> > >::at(unsigned int) const
 .text._ZN10executorch7runtime6ResultINS0_10TensorInfoEEptEv
                0x0ffe3908       0x18 CMakeFiles/executorch_runner_cm33.dir/source/arm_executor_runner.cpp.obj
                0x0ffe3908                executorch::runtime::Result<executorch::runtime::TensorInfo>::operator->()
 .text._ZNK10executorch7runtime7etensor6Tensor16mutable_data_ptrIaEEPT_v
                0x0ffe3920       0x1c CMakeFiles/executorch_runner_cm33.dir/source/arm_executor_runner.cpp.obj
                0x0ffe3920                signed char* executorch::runtime::etensor::Tensor::mutable_data_ptr<signed char>() const
 .text._ZNK10executorch7runtime7etensor6Tensor16mutable_data_ptrIiEEPT_v
                0x0ffe393c       0x1c CMakeFiles/executorch_runner_cm33.dir/source/arm_executor_runner.cpp.obj
                0x0ffe393c                int* executorch::runtime::etensor::Tensor::mutable_data_ptr<int>() const
 .text._ZSt4fillIPiiEvT_S1_RKT0_
                0x0ffe3958       0x1e CMakeFiles/executorch_runner_cm33.dir/source/arm_executor_runner.cpp.obj
                0x0ffe3958                void std::fill<int*, int>(int*, int*, int const&)
 .text._ZNK10executorch7runtime7etensor6Tensor16mutable_data_ptrIfEEPT_v
                0x0ffe3976       0x1c CMakeFiles/executorch_runner_cm33.dir/source/arm_executor_runner.cpp.obj
                0x0ffe3976                float* executorch::runtime::etensor::Tensor::mutable_data_ptr<float>() const
 .text._ZSt4fillIPfdEvT_S1_RKT0_
                0x0ffe3992       0x1e CMakeFiles/executorch_runner_cm33.dir/source/arm_executor_runner.cpp.obj
                0x0ffe3992                void std::fill<float*, double>(float*, float*, double const&)
 .text._ZSt4fillIPaiEvT_S1_RKT0_
                0x0ffe39b0       0x1e CMakeFiles/executorch_runner_cm33.dir/source/arm_executor_runner.cpp.obj
                0x0ffe39b0                void std::fill<signed char*, int>(signed char*, signed char*, int const&)
 .text._ZNK10executorch7runtime6ResultINS0_7ProgramEE2okEv
                0x0ffe39ce       0x1a CMakeFiles/executorch_runner_cm33.dir/source/arm_executor_runner.cpp.obj